=== MODEL EXPERIMENT WORKER ===
[MODEL_ID] mistral_7b_instruct_v03
[MODEL_PATH] /home/tahiti/TimeBound/models/mistralai__Mistral-7B-Instruct-v0.3
[GPU_PHYSICAL_ID] 0
[PYTHON] /home/tahiti/Forensics/.venv_forensics/bin/python
[TORCH] 2.6.0+cu124
[TRANSFORMERS] 5.12.0
[TOTAL_JOBS] 2842
[ALREADY_SUCCESSFUL] 6
[SKIPPED_ERRORS] 0
[PENDING] 2836
[GPU_BEFORE_LOAD] {"cuda_available": true, "device": "NVIDIA A100-PCIE-40GB", "free_gib": 14.647, "total_gib": 39.381, "allocated_gib": 0.0, "reserved_gib": 0.0, "max_allocated_gib": 0.0}
[LOAD_TOKENIZER]
[TOKENIZER_OK] 0.214s
[LOAD_MODEL]
[DEVICE_MAP] auto

Loading weights:   0%|          | 0/291 [00:00<?, ?it/s]
Loading weights:   3%|▎         | 9/291 [00:00<00:03, 85.18it/s]
Loading weights:   7%|▋         | 19/291 [00:00<00:02, 93.57it/s]
Loading weights:  11%|█         | 31/291 [00:00<00:02, 102.61it/s]
Loading weights:  14%|█▍        | 42/291 [00:00<00:02, 95.78it/s] 
Loading weights:  19%|█▉        | 55/291 [00:00<00:02, 105.15it/s]
Loading weights:  23%|██▎       | 67/291 [00:00<00:02, 109.30it/s]
Loading weights:  27%|██▋       | 79/291 [00:00<00:02, 105.52it/s]
Loading weights:  32%|███▏      | 94/291 [00:00<00:01, 114.68it/s]
Loading weights:  36%|███▋      | 106/291 [00:00<00:01, 109.72it/s]
Loading weights:  42%|████▏     | 121/291 [00:01<00:01, 116.24it/s]
Loading weights:  46%|████▌     | 133/291 [00:01<00:01, 109.95it/s]
Loading weights:  50%|████▉     | 145/291 [00:01<00:01, 110.92it/s]
Loading weights:  54%|█████▍    | 157/291 [00:01<00:01, 109.09it/s]
Loading weights:  58%|█████▊    | 168/291 [00:01<00:01, 95.85it/s] 
Loading weights:  61%|██████    | 178/291 [00:01<00:01, 87.60it/s]
Loading weights:  66%|██████▋   | 193/291 [00:01<00:00, 99.53it/s]
Loading weights:  70%|███████   | 204/291 [00:02<00:00, 91.08it/s]
Loading weights:  74%|███████▍  | 216/291 [00:02<00:00, 96.96it/s]
Loading weights:  79%|███████▊  | 229/291 [00:02<00:00, 100.10it/s]
Loading weights:  82%|████████▏ | 240/291 [00:02<00:00, 96.72it/s] 
Loading weights:  88%|████████▊ | 256/291 [00:02<00:00, 110.35it/s]
Loading weights:  92%|█████████▏| 268/291 [00:02<00:00, 107.78it/s]
Loading weights: 100%|██████████| 291/291 [00:02<00:00, 111.69it/s]
Some parameters are on the meta device because they were offloaded to the cpu.
[MODEL_OK] 3.450s
[GPU_AFTER_LOAD] {"cuda_available": true, "device": "NVIDIA A100-PCIE-40GB", "free_gib": 2.203, "total_gib": 39.381, "allocated_gib": 12.438, "reserved_gib": 12.443, "max_allocated_gib": 12.438}
[MAX_BATCH_SIZE] 1
[TOKEN_BUDGET] 5000
[MODEL_CONTEXT] 32768
[PREPARED] 250/2836
[PREPARED] 500/2836
[PREPARED] 750/2836
[PREPARED] 1000/2836
[PREPARED] 1250/2836
[PREPARED] 1500/2836
[PREPARED] 1750/2836
[PREPARED] 2000/2836
[PREPARED] 2250/2836
[PREPARED] 2500/2836
[PREPARED] 2750/2836
[PREPARED] 2836/2836
[PREPARATION_ERRORS] 0
[BATCHES] 2836
[PROGRESS] batches=10/2836 done=10/2836 ok=10 invalid=0 errors=0 elapsed_s=614.7 gpu={"cuda_available": true, "device": "NVIDIA A100-PCIE-40GB", "free_gib": 1.74, "total_gib": 39.381, "allocated_gib": 12.446, "reserved_gib": 12.814, "max_allocated_gib": 12.823}
[PROGRESS] batches=20/2836 done=20/2836 ok=20 invalid=0 errors=0 elapsed_s=1192.5 gpu={"cuda_available": true, "device": "NVIDIA A100-PCIE-40GB", "free_gib": 1.764, "total_gib": 39.381, "allocated_gib": 12.446, "reserved_gib": 12.791, "max_allocated_gib": 12.823}
[PROGRESS] batches=30/2836 done=30/2836 ok=28 invalid=2 errors=0 elapsed_s=1977.3 gpu={"cuda_available": true, "device": "NVIDIA A100-PCIE-40GB", "free_gib": 1.74, "total_gib": 39.381, "allocated_gib": 12.446, "reserved_gib": 12.814, "max_allocated_gib": 12.829}
[PROGRESS] batches=40/2836 done=40/2836 ok=37 invalid=3 errors=0 elapsed_s=2689.2 gpu={"cuda_available": true, "device": "NVIDIA A100-PCIE-40GB", "free_gib": 1.721, "total_gib": 39.381, "allocated_gib": 12.446, "reserved_gib": 12.834, "max_allocated_gib": 12.829}
[PROGRESS] batches=50/2836 done=50/2836 ok=46 invalid=4 errors=0 elapsed_s=3409.9 gpu={"cuda_available": true, "device": "NVIDIA A100-PCIE-40GB", "free_gib": 1.701, "total_gib": 39.381, "allocated_gib": 12.446, "reserved_gib": 12.854, "max_allocated_gib": 12.832}
[PROGRESS] batches=60/2836 done=60/2836 ok=55 invalid=5 errors=0 elapsed_s=4123.5 gpu={"cuda_available": true, "device": "NVIDIA A100-PCIE-40GB", "free_gib": 1.74, "total_gib": 39.381, "allocated_gib": 12.446, "reserved_gib": 12.814, "max_allocated_gib": 12.832}
[PROGRESS] batches=70/2836 done=70/2836 ok=64 invalid=6 errors=0 elapsed_s=4903.4 gpu={"cuda_available": true, "device": "NVIDIA A100-PCIE-40GB", "free_gib": 1.74, "total_gib": 39.381, "allocated_gib": 12.446, "reserved_gib": 12.814, "max_allocated_gib": 12.833}
[PROGRESS] batches=80/2836 done=80/2836 ok=74 invalid=6 errors=0 elapsed_s=5629.9 gpu={"cuda_available": true, "device": "NVIDIA A100-PCIE-40GB", "free_gib": 1.76, "total_gib": 39.381, "allocated_gib": 12.446, "reserved_gib": 12.795, "max_allocated_gib": 12.833}
[PROGRESS] batches=90/2836 done=90/2836 ok=82 invalid=8 errors=0 elapsed_s=6523.6 gpu={"cuda_available": true, "device": "NVIDIA A100-PCIE-40GB", "free_gib": 1.78, "total_gib": 39.381, "allocated_gib": 12.446, "reserved_gib": 12.775, "max_allocated_gib": 12.834}
[PROGRESS] batches=100/2836 done=100/2836 ok=91 invalid=9 errors=0 elapsed_s=7480.8 gpu={"cuda_available": true, "device": "NVIDIA A100-PCIE-40GB", "free_gib": 1.74, "total_gib": 39.381, "allocated_gib": 12.446, "reserved_gib": 12.814, "max_allocated_gib": 12.835}
[PROGRESS] batches=110/2836 done=110/2836 ok=98 invalid=12 errors=0 elapsed_s=8327.9 gpu={"cuda_available": true, "device": "NVIDIA A100-PCIE-40GB", "free_gib": 1.766, "total_gib": 39.381, "allocated_gib": 12.446, "reserved_gib": 12.789, "max_allocated_gib": 12.836}
[PROGRESS] batches=120/2836 done=120/2836 ok=104 invalid=16 errors=0 elapsed_s=9071.1 gpu={"cuda_available": true, "device": "NVIDIA A100-PCIE-40GB", "free_gib": 1.701, "total_gib": 39.381, "allocated_gib": 12.446, "reserved_gib": 12.854, "max_allocated_gib": 12.836}
[PROGRESS] batches=130/2836 done=130/2836 ok=113 invalid=17 errors=0 elapsed_s=10097.2 gpu={"cuda_available": true, "device": "NVIDIA A100-PCIE-40GB", "free_gib": 1.74, "total_gib": 39.381, "allocated_gib": 12.446, "reserved_gib": 12.814, "max_allocated_gib": 12.837}
[PROGRESS] batches=140/2836 done=140/2836 ok=123 invalid=17 errors=0 elapsed_s=11093.0 gpu={"cuda_available": true, "device": "NVIDIA A100-PCIE-40GB", "free_gib": 1.78, "total_gib": 39.381, "allocated_gib": 12.446, "reserved_gib": 12.775, "max_allocated_gib": 12.837}
[PROGRESS] batches=150/2836 done=150/2836 ok=132 invalid=18 errors=0 elapsed_s=11801.7 gpu={"cuda_available": true, "device": "NVIDIA A100-PCIE-40GB", "free_gib": 1.76, "total_gib": 39.381, "allocated_gib": 12.446, "reserved_gib": 12.795, "max_allocated_gib": 12.837}
[PROGRESS] batches=160/2836 done=160/2836 ok=140 invalid=20 errors=0 elapsed_s=12719.3 gpu={"cuda_available": true, "device": "NVIDIA A100-PCIE-40GB", "free_gib": 1.701, "total_gib": 39.381, "allocated_gib": 12.446, "reserved_gib": 12.854, "max_allocated_gib": 12.839}
[PROGRESS] batches=170/2836 done=170/2836 ok=149 invalid=21 errors=0 elapsed_s=13409.0 gpu={"cuda_available": true, "device": "NVIDIA A100-PCIE-40GB", "free_gib": 1.78, "total_gib": 39.381, "allocated_gib": 12.446, "reserved_gib": 12.775, "max_allocated_gib": 12.839}
[PROGRESS] batches=180/2836 done=180/2836 ok=158 invalid=22 errors=0 elapsed_s=14184.3 gpu={"cuda_available": true, "device": "NVIDIA A100-PCIE-40GB", "free_gib": 1.721, "total_gib": 39.381, "allocated_gib": 12.446, "reserved_gib": 12.834, "max_allocated_gib": 12.84}
[PROGRESS] batches=190/2836 done=190/2836 ok=167 invalid=23 errors=0 elapsed_s=14989.3 gpu={"cuda_available": true, "device": "NVIDIA A100-PCIE-40GB", "free_gib": 1.721, "total_gib": 39.381, "allocated_gib": 12.446, "reserved_gib": 12.834, "max_allocated_gib": 12.84}
[PROGRESS] batches=200/2836 done=200/2836 ok=176 invalid=24 errors=0 elapsed_s=15748.6 gpu={"cuda_available": true, "device": "NVIDIA A100-PCIE-40GB", "free_gib": 1.701, "total_gib": 39.381, "allocated_gib": 12.446, "reserved_gib": 12.854, "max_allocated_gib": 12.841}
[PROGRESS] batches=210/2836 done=210/2836 ok=184 invalid=26 errors=0 elapsed_s=16640.3 gpu={"cuda_available": true, "device": "NVIDIA A100-PCIE-40GB", "free_gib": 1.78, "total_gib": 39.381, "allocated_gib": 12.446, "reserved_gib": 12.775, "max_allocated_gib": 12.841}
[PROGRESS] batches=220/2836 done=220/2836 ok=193 invalid=27 errors=0 elapsed_s=17355.0 gpu={"cuda_available": true, "device": "NVIDIA A100-PCIE-40GB", "free_gib": 1.739, "total_gib": 39.381, "allocated_gib": 12.446, "reserved_gib": 12.814, "max_allocated_gib": 12.842}
[PROGRESS] batches=230/2836 done=230/2836 ok=201 invalid=29 errors=0 elapsed_s=18279.2 gpu={"cuda_available": true, "device": "NVIDIA A100-PCIE-40GB", "free_gib": 1.699, "total_gib": 39.381, "allocated_gib": 12.446, "reserved_gib": 12.854, "max_allocated_gib": 12.842}
[PROGRESS] batches=240/2836 done=240/2836 ok=209 invalid=31 errors=0 elapsed_s=19165.2 gpu={"cuda_available": true, "device": "NVIDIA A100-PCIE-40GB", "free_gib": 1.752, "total_gib": 39.381, "allocated_gib": 12.446, "reserved_gib": 12.795, "max_allocated_gib": 12.843}
[PROGRESS] batches=250/2836 done=250/2836 ok=217 invalid=33 errors=0 elapsed_s=20194.5 gpu={"cuda_available": true, "device": "NVIDIA A100-PCIE-40GB", "free_gib": 1.713, "total_gib": 39.381, "allocated_gib": 12.446, "reserved_gib": 12.834, "max_allocated_gib": 12.843}
[PROGRESS] batches=260/2836 done=260/2836 ok=223 invalid=37 errors=0 elapsed_s=21229.2 gpu={"cuda_available": true, "device": "NVIDIA A100-PCIE-40GB", "free_gib": 1.713, "total_gib": 39.381, "allocated_gib": 12.446, "reserved_gib": 12.834, "max_allocated_gib": 12.844}
[PROGRESS] batches=270/2836 done=270/2836 ok=232 invalid=38 errors=0 elapsed_s=22094.0 gpu={"cuda_available": true, "device": "NVIDIA A100-PCIE-40GB", "free_gib": 1.713, "total_gib": 39.381, "allocated_gib": 12.446, "reserved_gib": 12.834, "max_allocated_gib": 12.844}
[PROGRESS] batches=280/2836 done=280/2836 ok=242 invalid=38 errors=0 elapsed_s=22873.7 gpu={"cuda_available": true, "device": "NVIDIA A100-PCIE-40GB", "free_gib": 1.752, "total_gib": 39.381, "allocated_gib": 12.446, "reserved_gib": 12.795, "max_allocated_gib": 12.844}
[PROGRESS] batches=290/2836 done=290/2836 ok=250 invalid=40 errors=0 elapsed_s=23533.4 gpu={"cuda_available": true, "device": "NVIDIA A100-PCIE-40GB", "free_gib": 1.752, "total_gib": 39.381, "allocated_gib": 12.446, "reserved_gib": 12.795, "max_allocated_gib": 12.845}
[PROGRESS] batches=300/2836 done=300/2836 ok=258 invalid=42 errors=0 elapsed_s=24457.4 gpu={"cuda_available": true, "device": "NVIDIA A100-PCIE-40GB", "free_gib": 1.674, "total_gib": 39.381, "allocated_gib": 12.446, "reserved_gib": 12.873, "max_allocated_gib": 12.845}
[PROGRESS] batches=310/2836 done=310/2836 ok=264 invalid=46 errors=0 elapsed_s=25359.7 gpu={"cuda_available": true, "device": "NVIDIA A100-PCIE-40GB", "free_gib": 1.733, "total_gib": 39.381, "allocated_gib": 12.446, "reserved_gib": 12.814, "max_allocated_gib": 12.846}
[PROGRESS] batches=320/2836 done=320/2836 ok=272 invalid=48 errors=0 elapsed_s=26070.4 gpu={"cuda_available": true, "device": "NVIDIA A100-PCIE-40GB", "free_gib": 1.752, "total_gib": 39.381, "allocated_gib": 12.446, "reserved_gib": 12.795, "max_allocated_gib": 12.846}
[PROGRESS] batches=330/2836 done=330/2836 ok=278 invalid=52 errors=0 elapsed_s=27009.3 gpu={"cuda_available": true, "device": "NVIDIA A100-PCIE-40GB", "free_gib": 1.752, "total_gib": 39.381, "allocated_gib": 12.446, "reserved_gib": 12.795, "max_allocated_gib": 12.847}
[PROGRESS] batches=340/2836 done=340/2836 ok=287 invalid=53 errors=0 elapsed_s=27570.1 gpu={"cuda_available": true, "device": "NVIDIA A100-PCIE-40GB", "free_gib": 1.752, "total_gib": 39.381, "allocated_gib": 12.446, "reserved_gib": 12.795, "max_allocated_gib": 12.847}
[PROGRESS] batches=350/2836 done=350/2836 ok=296 invalid=54 errors=0 elapsed_s=28440.1 gpu={"cuda_available": true, "device": "NVIDIA A100-PCIE-40GB", "free_gib": 1.772, "total_gib": 39.381, "allocated_gib": 12.446, "reserved_gib": 12.775, "max_allocated_gib": 12.848}
[PROGRESS] batches=360/2836 done=360/2836 ok=305 invalid=55 errors=0 elapsed_s=29133.3 gpu={"cuda_available": true, "device": "NVIDIA A100-PCIE-40GB", "free_gib": 1.752, "total_gib": 39.381, "allocated_gib": 12.446, "reserved_gib": 12.795, "max_allocated_gib": 12.848}
[PROGRESS] batches=370/2836 done=370/2836 ok=313 invalid=57 errors=0 elapsed_s=29908.7 gpu={"cuda_available": true, "device": "NVIDIA A100-PCIE-40GB", "free_gib": 1.674, "total_gib": 39.381, "allocated_gib": 12.446, "reserved_gib": 12.873, "max_allocated_gib": 12.848}
[PROGRESS] batches=380/2836 done=380/2836 ok=320 invalid=60 errors=0 elapsed_s=30559.9 gpu={"cuda_available": true, "device": "NVIDIA A100-PCIE-40GB", "free_gib": 1.772, "total_gib": 39.381, "allocated_gib": 12.446, "reserved_gib": 12.775, "max_allocated_gib": 12.849}
[PROGRESS] batches=390/2836 done=390/2836 ok=327 invalid=63 errors=0 elapsed_s=31240.3 gpu={"cuda_available": true, "device": "NVIDIA A100-PCIE-40GB", "free_gib": 1.674, "total_gib": 39.381, "allocated_gib": 12.446, "reserved_gib": 12.873, "max_allocated_gib": 12.849}
[PROGRESS] batches=400/2836 done=400/2836 ok=331 invalid=69 errors=0 elapsed_s=32304.9 gpu={"cuda_available": true, "device": "NVIDIA A100-PCIE-40GB", "free_gib": 1.733, "total_gib": 39.381, "allocated_gib": 12.446, "reserved_gib": 12.814, "max_allocated_gib": 12.85}
[PROGRESS] batches=410/2836 done=410/2836 ok=339 invalid=71 errors=0 elapsed_s=33188.4 gpu={"cuda_available": true, "device": "NVIDIA A100-PCIE-40GB", "free_gib": 1.694, "total_gib": 39.381, "allocated_gib": 12.446, "reserved_gib": 12.854, "max_allocated_gib": 12.85}
[PROGRESS] batches=420/2836 done=420/2836 ok=346 invalid=74 errors=0 elapsed_s=33931.4 gpu={"cuda_available": true, "device": "NVIDIA A100-PCIE-40GB", "free_gib": 1.752, "total_gib": 39.381, "allocated_gib": 12.446, "reserved_gib": 12.795, "max_allocated_gib": 12.851}
[PROGRESS] batches=430/2836 done=430/2836 ok=352 invalid=78 errors=0 elapsed_s=35051.1 gpu={"cuda_available": true, "device": "NVIDIA A100-PCIE-40GB", "free_gib": 1.674, "total_gib": 39.381, "allocated_gib": 12.446, "reserved_gib": 12.873, "max_allocated_gib": 12.851}
[PROGRESS] batches=440/2836 done=440/2836 ok=361 invalid=79 errors=0 elapsed_s=35853.6 gpu={"cuda_available": true, "device": "NVIDIA A100-PCIE-40GB", "free_gib": 1.752, "total_gib": 39.381, "allocated_gib": 12.446, "reserved_gib": 12.795, "max_allocated_gib": 12.851}
[PROGRESS] batches=450/2836 done=450/2836 ok=371 invalid=79 errors=0 elapsed_s=36505.3 gpu={"cuda_available": true, "device": "NVIDIA A100-PCIE-40GB", "free_gib": 1.752, "total_gib": 39.381, "allocated_gib": 12.446, "reserved_gib": 12.795, "max_allocated_gib": 12.851}
[PROGRESS] batches=460/2836 done=460/2836 ok=378 invalid=82 errors=0 elapsed_s=37472.1 gpu={"cuda_available": true, "device": "NVIDIA A100-PCIE-40GB", "free_gib": 1.674, "total_gib": 39.381, "allocated_gib": 12.446, "reserved_gib": 12.873, "max_allocated_gib": 12.852}
[PROGRESS] batches=470/2836 done=470/2836 ok=388 invalid=82 errors=0 elapsed_s=37941.0 gpu={"cuda_available": true, "device": "NVIDIA A100-PCIE-40GB", "free_gib": 1.674, "total_gib": 39.381, "allocated_gib": 12.446, "reserved_gib": 12.873, "max_allocated_gib": 12.852}
[PROGRESS] batches=480/2836 done=480/2836 ok=396 invalid=84 errors=0 elapsed_s=38648.6 gpu={"cuda_available": true, "device": "NVIDIA A100-PCIE-40GB", "free_gib": 1.674, "total_gib": 39.381, "allocated_gib": 12.446, "reserved_gib": 12.873, "max_allocated_gib": 12.853}
[PROGRESS] batches=490/2836 done=490/2836 ok=404 invalid=86 errors=0 elapsed_s=39439.3 gpu={"cuda_available": true, "device": "NVIDIA A100-PCIE-40GB", "free_gib": 1.694, "total_gib": 39.381, "allocated_gib": 12.446, "reserved_gib": 12.854, "max_allocated_gib": 12.853}
[PROGRESS] batches=500/2836 done=500/2836 ok=412 invalid=88 errors=0 elapsed_s=40066.3 gpu={"cuda_available": true, "device": "NVIDIA A100-PCIE-40GB", "free_gib": 1.733, "total_gib": 39.381, "allocated_gib": 12.446, "reserved_gib": 12.814, "max_allocated_gib": 12.854}
[PROGRESS] batches=510/2836 done=510/2836 ok=421 invalid=89 errors=0 elapsed_s=40656.3 gpu={"cuda_available": true, "device": "NVIDIA A100-PCIE-40GB", "free_gib": 1.752, "total_gib": 39.381, "allocated_gib": 12.446, "reserved_gib": 12.795, "max_allocated_gib": 12.854}
[PROGRESS] batches=520/2836 done=520/2836 ok=429 invalid=91 errors=0 elapsed_s=41261.0 gpu={"cuda_available": true, "device": "NVIDIA A100-PCIE-40GB", "free_gib": 1.713, "total_gib": 39.381, "allocated_gib": 12.446, "reserved_gib": 12.834, "max_allocated_gib": 12.854}
[PROGRESS] batches=530/2836 done=530/2836 ok=436 invalid=94 errors=0 elapsed_s=42109.7 gpu={"cuda_available": true, "device": "NVIDIA A100-PCIE-40GB", "free_gib": 1.655, "total_gib": 39.381, "allocated_gib": 12.446, "reserved_gib": 12.893, "max_allocated_gib": 12.855}
[PROGRESS] batches=540/2836 done=540/2836 ok=445 invalid=95 errors=0 elapsed_s=42645.4 gpu={"cuda_available": true, "device": "NVIDIA A100-PCIE-40GB", "free_gib": 1.733, "total_gib": 39.381, "allocated_gib": 12.446, "reserved_gib": 12.814, "max_allocated_gib": 12.855}
[PROGRESS] batches=550/2836 done=550/2836 ok=452 invalid=98 errors=0 elapsed_s=43332.5 gpu={"cuda_available": true, "device": "NVIDIA A100-PCIE-40GB", "free_gib": 1.655, "total_gib": 39.381, "allocated_gib": 12.446, "reserved_gib": 12.893, "max_allocated_gib": 12.856}
[PROGRESS] batches=560/2836 done=560/2836 ok=462 invalid=98 errors=0 elapsed_s=43773.7 gpu={"cuda_available": true, "device": "NVIDIA A100-PCIE-40GB", "free_gib": 1.733, "total_gib": 39.381, "allocated_gib": 12.446, "reserved_gib": 12.814, "max_allocated_gib": 12.856}
[PROGRESS] batches=570/2836 done=570/2836 ok=469 invalid=101 errors=0 elapsed_s=44458.3 gpu={"cuda_available": true, "device": "NVIDIA A100-PCIE-40GB", "free_gib": 1.713, "total_gib": 39.381, "allocated_gib": 12.446, "reserved_gib": 12.834, "max_allocated_gib": 12.857}
[PROGRESS] batches=580/2836 done=580/2836 ok=476 invalid=104 errors=0 elapsed_s=45111.6 gpu={"cuda_available": true, "device": "NVIDIA A100-PCIE-40GB", "free_gib": 1.655, "total_gib": 39.381, "allocated_gib": 12.446, "reserved_gib": 12.893, "max_allocated_gib": 12.857}
[PROGRESS] batches=590/2836 done=590/2836 ok=483 invalid=107 errors=0 elapsed_s=45975.5 gpu={"cuda_available": true, "device": "NVIDIA A100-PCIE-40GB", "free_gib": 1.655, "total_gib": 39.381, "allocated_gib": 12.446, "reserved_gib": 12.893, "max_allocated_gib": 12.858}
[PROGRESS] batches=600/2836 done=600/2836 ok=490 invalid=110 errors=0 elapsed_s=46623.1 gpu={"cuda_available": true, "device": "NVIDIA A100-PCIE-40GB", "free_gib": 1.713, "total_gib": 39.381, "allocated_gib": 12.446, "reserved_gib": 12.834, "max_allocated_gib": 12.858}
[PROGRESS] batches=610/2836 done=610/2836 ok=497 invalid=113 errors=0 elapsed_s=47299.2 gpu={"cuda_available": true, "device": "NVIDIA A100-PCIE-40GB", "free_gib": 1.733, "total_gib": 39.381, "allocated_gib": 12.446, "reserved_gib": 12.814, "max_allocated_gib": 12.858}
[PROGRESS] batches=620/2836 done=620/2836 ok=505 invalid=115 errors=0 elapsed_s=47967.6 gpu={"cuda_available": true, "device": "NVIDIA A100-PCIE-40GB", "free_gib": 1.752, "total_gib": 39.381, "allocated_gib": 12.446, "reserved_gib": 12.795, "max_allocated_gib": 12.859}
[PROGRESS] batches=630/2836 done=630/2836 ok=513 invalid=117 errors=0 elapsed_s=48624.2 gpu={"cuda_available": true, "device": "NVIDIA A100-PCIE-40GB", "free_gib": 1.713, "total_gib": 39.381, "allocated_gib": 12.446, "reserved_gib": 12.834, "max_allocated_gib": 12.859}
[PROGRESS] batches=640/2836 done=640/2836 ok=522 invalid=118 errors=0 elapsed_s=49263.4 gpu={"cuda_available": true, "device": "NVIDIA A100-PCIE-40GB", "free_gib": 1.713, "total_gib": 39.381, "allocated_gib": 12.446, "reserved_gib": 12.834, "max_allocated_gib": 12.859}
[PROGRESS] batches=650/2836 done=650/2836 ok=531 invalid=119 errors=0 elapsed_s=49996.5 gpu={"cuda_available": true, "device": "NVIDIA A100-PCIE-40GB", "free_gib": 1.655, "total_gib": 39.381, "allocated_gib": 12.446, "reserved_gib": 12.893, "max_allocated_gib": 12.86}
[PROGRESS] batches=660/2836 done=660/2836 ok=539 invalid=121 errors=0 elapsed_s=50689.2 gpu={"cuda_available": true, "device": "NVIDIA A100-PCIE-40GB", "free_gib": 1.713, "total_gib": 39.381, "allocated_gib": 12.446, "reserved_gib": 12.834, "max_allocated_gib": 12.86}
[PROGRESS] batches=670/2836 done=670/2836 ok=548 invalid=122 errors=0 elapsed_s=51354.3 gpu={"cuda_available": true, "device": "NVIDIA A100-PCIE-40GB", "free_gib": 1.655, "total_gib": 39.381, "allocated_gib": 12.446, "reserved_gib": 12.893, "max_allocated_gib": 12.861}
[PROGRESS] batches=680/2836 done=680/2836 ok=558 invalid=122 errors=0 elapsed_s=51896.1 gpu={"cuda_available": true, "device": "NVIDIA A100-PCIE-40GB", "free_gib": 1.752, "total_gib": 39.381, "allocated_gib": 12.446, "reserved_gib": 12.795, "max_allocated_gib": 12.861}
[PROGRESS] batches=690/2836 done=690/2836 ok=567 invalid=123 errors=0 elapsed_s=52493.6 gpu={"cuda_available": true, "device": "NVIDIA A100-PCIE-40GB", "free_gib": 1.694, "total_gib": 39.381, "allocated_gib": 12.446, "reserved_gib": 12.854, "max_allocated_gib": 12.861}
[PROGRESS] batches=700/2836 done=700/2836 ok=577 invalid=123 errors=0 elapsed_s=53195.1 gpu={"cuda_available": true, "device": "NVIDIA A100-PCIE-40GB", "free_gib": 1.713, "total_gib": 39.381, "allocated_gib": 12.446, "reserved_gib": 12.834, "max_allocated_gib": 12.861}
[PROGRESS] batches=710/2836 done=710/2836 ok=587 invalid=123 errors=0 elapsed_s=53838.4 gpu={"cuda_available": true, "device": "NVIDIA A100-PCIE-40GB", "free_gib": 1.713, "total_gib": 39.381, "allocated_gib": 12.446, "reserved_gib": 12.834, "max_allocated_gib": 12.861}
[PROGRESS] batches=720/2836 done=720/2836 ok=595 invalid=125 errors=0 elapsed_s=54823.8 gpu={"cuda_available": true, "device": "NVIDIA A100-PCIE-40GB", "free_gib": 1.655, "total_gib": 39.381, "allocated_gib": 12.446, "reserved_gib": 12.893, "max_allocated_gib": 12.862}
[PROGRESS] batches=730/2836 done=730/2836 ok=601 invalid=129 errors=0 elapsed_s=55616.5 gpu={"cuda_available": true, "device": "NVIDIA A100-PCIE-40GB", "free_gib": 1.635, "total_gib": 39.381, "allocated_gib": 12.446, "reserved_gib": 12.912, "max_allocated_gib": 12.863}
[PROGRESS] batches=740/2836 done=740/2836 ok=609 invalid=131 errors=0 elapsed_s=56070.1 gpu={"cuda_available": true, "device": "NVIDIA A100-PCIE-40GB", "free_gib": 1.733, "total_gib": 39.381, "allocated_gib": 12.446, "reserved_gib": 12.814, "max_allocated_gib": 12.863}
[PROGRESS] batches=750/2836 done=750/2836 ok=617 invalid=133 errors=0 elapsed_s=56761.1 gpu={"cuda_available": true, "device": "NVIDIA A100-PCIE-40GB", "free_gib": 1.655, "total_gib": 39.381, "allocated_gib": 12.446, "reserved_gib": 12.893, "max_allocated_gib": 12.863}
[PROGRESS] batches=760/2836 done=760/2836 ok=625 invalid=135 errors=0 elapsed_s=57596.2 gpu={"cuda_available": true, "device": "NVIDIA A100-PCIE-40GB", "free_gib": 1.733, "total_gib": 39.381, "allocated_gib": 12.446, "reserved_gib": 12.814, "max_allocated_gib": 12.864}
[PROGRESS] batches=770/2836 done=770/2836 ok=632 invalid=138 errors=0 elapsed_s=58560.3 gpu={"cuda_available": true, "device": "NVIDIA A100-PCIE-40GB", "free_gib": 1.635, "total_gib": 39.381, "allocated_gib": 12.446, "reserved_gib": 12.912, "max_allocated_gib": 12.864}
[PROGRESS] batches=780/2836 done=780/2836 ok=641 invalid=139 errors=0 elapsed_s=59160.3 gpu={"cuda_available": true, "device": "NVIDIA A100-PCIE-40GB", "free_gib": 1.674, "total_gib": 39.381, "allocated_gib": 12.446, "reserved_gib": 12.873, "max_allocated_gib": 12.864}
[PROGRESS] batches=790/2836 done=790/2836 ok=648 invalid=142 errors=0 elapsed_s=59913.7 gpu={"cuda_available": true, "device": "NVIDIA A100-PCIE-40GB", "free_gib": 9.955, "total_gib": 39.381, "allocated_gib": 12.446, "reserved_gib": 12.873, "max_allocated_gib": 12.865}
[PROGRESS] batches=800/2836 done=800/2836 ok=655 invalid=145 errors=0 elapsed_s=60887.2 gpu={"cuda_available": true, "device": "NVIDIA A100-PCIE-40GB", "free_gib": 9.76, "total_gib": 39.381, "allocated_gib": 12.446, "reserved_gib": 12.893, "max_allocated_gib": 12.865}
[PROGRESS] batches=810/2836 done=810/2836 ok=664 invalid=146 errors=0 elapsed_s=61387.2 gpu={"cuda_available": true, "device": "NVIDIA A100-PCIE-40GB", "free_gib": 9.838, "total_gib": 39.381, "allocated_gib": 12.446, "reserved_gib": 12.814, "max_allocated_gib": 12.865}
[PROGRESS] batches=820/2836 done=820/2836 ok=674 invalid=146 errors=0 elapsed_s=62043.5 gpu={"cuda_available": true, "device": "NVIDIA A100-PCIE-40GB", "free_gib": 9.858, "total_gib": 39.381, "allocated_gib": 12.446, "reserved_gib": 12.795, "max_allocated_gib": 12.865}
[PROGRESS] batches=830/2836 done=830/2836 ok=682 invalid=148 errors=0 elapsed_s=62793.4 gpu={"cuda_available": true, "device": "NVIDIA A100-PCIE-40GB", "free_gib": 9.78, "total_gib": 39.381, "allocated_gib": 12.446, "reserved_gib": 12.834, "max_allocated_gib": 12.866}
[PROGRESS] batches=840/2836 done=840/2836 ok=691 invalid=149 errors=0 elapsed_s=63328.1 gpu={"cuda_available": true, "device": "NVIDIA A100-PCIE-40GB", "free_gib": 9.78, "total_gib": 39.381, "allocated_gib": 12.446, "reserved_gib": 12.834, "max_allocated_gib": 12.866}
[PROGRESS] batches=850/2836 done=850/2836 ok=701 invalid=149 errors=0 elapsed_s=64121.5 gpu={"cuda_available": true, "device": "NVIDIA A100-PCIE-40GB", "free_gib": 9.799, "total_gib": 39.381, "allocated_gib": 12.446, "reserved_gib": 12.814, "max_allocated_gib": 12.866}
[PROGRESS] batches=860/2836 done=860/2836 ok=710 invalid=150 errors=0 elapsed_s=64882.3 gpu={"cuda_available": true, "device": "NVIDIA A100-PCIE-40GB", "free_gib": 9.721, "total_gib": 39.381, "allocated_gib": 12.446, "reserved_gib": 12.893, "max_allocated_gib": 12.867}
[PROGRESS] batches=870/2836 done=870/2836 ok=718 invalid=152 errors=0 elapsed_s=65687.1 gpu={"cuda_available": true, "device": "NVIDIA A100-PCIE-40GB", "free_gib": 9.799, "total_gib": 39.381, "allocated_gib": 12.446, "reserved_gib": 12.814, "max_allocated_gib": 12.867}
[PROGRESS] batches=880/2836 done=880/2836 ok=725 invalid=155 errors=0 elapsed_s=66379.1 gpu={"cuda_available": true, "device": "NVIDIA A100-PCIE-40GB", "free_gib": 9.78, "total_gib": 39.381, "allocated_gib": 12.446, "reserved_gib": 12.814, "max_allocated_gib": 12.868}
[PROGRESS] batches=890/2836 done=890/2836 ok=733 invalid=157 errors=0 elapsed_s=66824.0 gpu={"cuda_available": true, "device": "NVIDIA A100-PCIE-40GB", "free_gib": 9.78, "total_gib": 39.381, "allocated_gib": 12.446, "reserved_gib": 12.814, "max_allocated_gib": 12.868}
[PROGRESS] batches=900/2836 done=900/2836 ok=742 invalid=158 errors=0 elapsed_s=67526.1 gpu={"cuda_available": true, "device": "NVIDIA A100-PCIE-40GB", "free_gib": 9.78, "total_gib": 39.381, "allocated_gib": 12.446, "reserved_gib": 12.814, "max_allocated_gib": 12.868}
[PROGRESS] batches=910/2836 done=910/2836 ok=751 invalid=159 errors=0 elapsed_s=68273.2 gpu={"cuda_available": true, "device": "NVIDIA A100-PCIE-40GB", "free_gib": 9.74, "total_gib": 39.381, "allocated_gib": 12.446, "reserved_gib": 12.834, "max_allocated_gib": 12.868}
[PROGRESS] batches=920/2836 done=920/2836 ok=758 invalid=162 errors=0 elapsed_s=69004.4 gpu={"cuda_available": true, "device": "NVIDIA A100-PCIE-40GB", "free_gib": 9.74, "total_gib": 39.381, "allocated_gib": 12.446, "reserved_gib": 12.834, "max_allocated_gib": 12.869}
[PROGRESS] batches=930/2836 done=930/2836 ok=767 invalid=163 errors=0 elapsed_s=69481.1 gpu={"cuda_available": true, "device": "NVIDIA A100-PCIE-40GB", "free_gib": 9.721, "total_gib": 39.381, "allocated_gib": 12.446, "reserved_gib": 12.854, "max_allocated_gib": 12.869}
[PROGRESS] batches=940/2836 done=940/2836 ok=775 invalid=165 errors=0 elapsed_s=70271.6 gpu={"cuda_available": true, "device": "NVIDIA A100-PCIE-40GB", "free_gib": 9.721, "total_gib": 39.381, "allocated_gib": 12.446, "reserved_gib": 12.854, "max_allocated_gib": 12.87}
[PROGRESS] batches=950/2836 done=950/2836 ok=783 invalid=167 errors=0 elapsed_s=71210.0 gpu={"cuda_available": true, "device": "NVIDIA A100-PCIE-40GB", "free_gib": 9.662, "total_gib": 39.381, "allocated_gib": 12.446, "reserved_gib": 12.893, "max_allocated_gib": 12.87}
[PROGRESS] batches=960/2836 done=960/2836 ok=792 invalid=168 errors=0 elapsed_s=71773.9 gpu={"cuda_available": true, "device": "NVIDIA A100-PCIE-40GB", "free_gib": 9.662, "total_gib": 39.381, "allocated_gib": 12.446, "reserved_gib": 12.893, "max_allocated_gib": 12.87}
[PROGRESS] batches=970/2836 done=970/2836 ok=800 invalid=170 errors=0 elapsed_s=72578.6 gpu={"cuda_available": true, "device": "NVIDIA A100-PCIE-40GB", "free_gib": 9.584, "total_gib": 39.381, "allocated_gib": 12.446, "reserved_gib": 12.893, "max_allocated_gib": 12.87}
[PROGRESS] batches=980/2836 done=980/2836 ok=809 invalid=171 errors=0 elapsed_s=73218.5 gpu={"cuda_available": true, "device": "NVIDIA A100-PCIE-40GB", "free_gib": 9.584, "total_gib": 39.381, "allocated_gib": 12.446, "reserved_gib": 12.893, "max_allocated_gib": 12.87}
[PROGRESS] batches=990/2836 done=990/2836 ok=818 invalid=172 errors=0 elapsed_s=73994.7 gpu={"cuda_available": true, "device": "NVIDIA A100-PCIE-40GB", "free_gib": 9.623, "total_gib": 39.381, "allocated_gib": 12.446, "reserved_gib": 12.854, "max_allocated_gib": 12.871}
[PROGRESS] batches=1000/2836 done=1000/2836 ok=825 invalid=175 errors=0 elapsed_s=74711.1 gpu={"cuda_available": true, "device": "NVIDIA A100-PCIE-40GB", "free_gib": 9.526, "total_gib": 39.381, "allocated_gib": 12.446, "reserved_gib": 12.912, "max_allocated_gib": 12.872}
[PROGRESS] batches=1010/2836 done=1010/2836 ok=832 invalid=178 errors=0 elapsed_s=75478.2 gpu={"cuda_available": true, "device": "NVIDIA A100-PCIE-40GB", "free_gib": 9.584, "total_gib": 39.381, "allocated_gib": 12.446, "reserved_gib": 12.814, "max_allocated_gib": 12.872}
[PROGRESS] batches=1020/2836 done=1020/2836 ok=840 invalid=180 errors=0 elapsed_s=76264.4 gpu={"cuda_available": true, "device": "NVIDIA A100-PCIE-40GB", "free_gib": 9.389, "total_gib": 39.381, "allocated_gib": 12.446, "reserved_gib": 12.912, "max_allocated_gib": 12.873}
[PROGRESS] batches=1030/2836 done=1030/2836 ok=849 invalid=181 errors=0 elapsed_s=76584.2 gpu={"cuda_available": true, "device": "NVIDIA A100-PCIE-40GB", "free_gib": 9.487, "total_gib": 39.381, "allocated_gib": 12.446, "reserved_gib": 12.814, "max_allocated_gib": 12.873}
[PROGRESS] batches=1040/2836 done=1040/2836 ok=858 invalid=182 errors=0 elapsed_s=77223.5 gpu={"cuda_available": true, "device": "NVIDIA A100-PCIE-40GB", "free_gib": 9.448, "total_gib": 39.381, "allocated_gib": 12.446, "reserved_gib": 12.834, "max_allocated_gib": 12.874}
[PROGRESS] batches=1050/2836 done=1050/2836 ok=863 invalid=187 errors=0 elapsed_s=78003.5 gpu={"cuda_available": true, "device": "NVIDIA A100-PCIE-40GB", "free_gib": 9.369, "total_gib": 39.381, "allocated_gib": 12.446, "reserved_gib": 12.912, "max_allocated_gib": 12.874}
[PROGRESS] batches=1060/2836 done=1060/2836 ok=871 invalid=189 errors=0 elapsed_s=78385.6 gpu={"cuda_available": true, "device": "NVIDIA A100-PCIE-40GB", "free_gib": 9.448, "total_gib": 39.381, "allocated_gib": 12.446, "reserved_gib": 12.834, "max_allocated_gib": 12.874}
[PROGRESS] batches=1070/2836 done=1070/2836 ok=879 invalid=191 errors=0 elapsed_s=79088.4 gpu={"cuda_available": true, "device": "NVIDIA A100-PCIE-40GB", "free_gib": 9.428, "total_gib": 39.381, "allocated_gib": 12.446, "reserved_gib": 12.834, "max_allocated_gib": 12.875}
[PROGRESS] batches=1080/2836 done=1080/2836 ok=887 invalid=193 errors=0 elapsed_s=79363.9 gpu={"cuda_available": true, "device": "NVIDIA A100-PCIE-40GB", "free_gib": 9.389, "total_gib": 39.381, "allocated_gib": 12.446, "reserved_gib": 12.854, "max_allocated_gib": 12.875}
[PROGRESS] batches=1090/2836 done=1090/2836 ok=896 invalid=194 errors=0 elapsed_s=79902.2 gpu={"cuda_available": true, "device": "NVIDIA A100-PCIE-40GB", "free_gib": 9.389, "total_gib": 39.381, "allocated_gib": 12.446, "reserved_gib": 12.834, "max_allocated_gib": 12.875}
[PROGRESS] batches=1100/2836 done=1100/2836 ok=904 invalid=196 errors=0 elapsed_s=80584.3 gpu={"cuda_available": true, "device": "NVIDIA A100-PCIE-40GB", "free_gib": 9.389, "total_gib": 39.381, "allocated_gib": 12.446, "reserved_gib": 12.834, "max_allocated_gib": 12.876}
[PROGRESS] batches=1110/2836 done=1110/2836 ok=913 invalid=197 errors=0 elapsed_s=81107.1 gpu={"cuda_available": true, "device": "NVIDIA A100-PCIE-40GB", "free_gib": 9.272, "total_gib": 39.381, "allocated_gib": 12.446, "reserved_gib": 12.932, "max_allocated_gib": 12.876}
[PROGRESS] batches=1120/2836 done=1120/2836 ok=922 invalid=198 errors=0 elapsed_s=81592.1 gpu={"cuda_available": true, "device": "NVIDIA A100-PCIE-40GB", "free_gib": 9.311, "total_gib": 39.381, "allocated_gib": 12.446, "reserved_gib": 12.873, "max_allocated_gib": 12.876}
[PROGRESS] batches=1130/2836 done=1130/2836 ok=931 invalid=199 errors=0 elapsed_s=81911.2 gpu={"cuda_available": true, "device": "NVIDIA A100-PCIE-40GB", "free_gib": 9.33, "total_gib": 39.381, "allocated_gib": 12.446, "reserved_gib": 12.834, "max_allocated_gib": 12.876}
[PROGRESS] batches=1140/2836 done=1140/2836 ok=940 invalid=200 errors=0 elapsed_s=82397.6 gpu={"cuda_available": true, "device": "NVIDIA A100-PCIE-40GB", "free_gib": 9.311, "total_gib": 39.381, "allocated_gib": 12.446, "reserved_gib": 12.854, "max_allocated_gib": 12.877}
[PROGRESS] batches=1150/2836 done=1150/2836 ok=947 invalid=203 errors=0 elapsed_s=82934.0 gpu={"cuda_available": true, "device": "NVIDIA A100-PCIE-40GB", "free_gib": 9.311, "total_gib": 39.381, "allocated_gib": 12.446, "reserved_gib": 12.854, "max_allocated_gib": 12.878}
[PROGRESS] batches=1160/2836 done=1160/2836 ok=957 invalid=203 errors=0 elapsed_s=83457.4 gpu={"cuda_available": true, "device": "NVIDIA A100-PCIE-40GB", "free_gib": 9.33, "total_gib": 39.381, "allocated_gib": 12.446, "reserved_gib": 12.834, "max_allocated_gib": 12.878}
[PROGRESS] batches=1170/2836 done=1170/2836 ok=964 invalid=206 errors=0 elapsed_s=83886.9 gpu={"cuda_available": true, "device": "NVIDIA A100-PCIE-40GB", "free_gib": 9.33, "total_gib": 39.381, "allocated_gib": 12.446, "reserved_gib": 12.834, "max_allocated_gib": 12.878}
[PROGRESS] batches=1180/2836 done=1180/2836 ok=970 invalid=210 errors=0 elapsed_s=84846.0 gpu={"cuda_available": true, "device": "NVIDIA A100-PCIE-40GB", "free_gib": 9.233, "total_gib": 39.381, "allocated_gib": 12.446, "reserved_gib": 12.932, "max_allocated_gib": 12.879}
[PROGRESS] batches=1190/2836 done=1190/2836 ok=980 invalid=210 errors=0 elapsed_s=85134.6 gpu={"cuda_available": true, "device": "NVIDIA A100-PCIE-40GB", "free_gib": 9.311, "total_gib": 39.381, "allocated_gib": 12.446, "reserved_gib": 12.854, "max_allocated_gib": 12.879}
[PROGRESS] batches=1200/2836 done=1200/2836 ok=989 invalid=211 errors=0 elapsed_s=85703.7 gpu={"cuda_available": true, "device": "NVIDIA A100-PCIE-40GB", "free_gib": 9.33, "total_gib": 39.381, "allocated_gib": 12.446, "reserved_gib": 12.814, "max_allocated_gib": 12.88}
[PROGRESS] batches=1210/2836 done=1210/2836 ok=999 invalid=211 errors=0 elapsed_s=86119.2 gpu={"cuda_available": true, "device": "NVIDIA A100-PCIE-40GB", "free_gib": 9.311, "total_gib": 39.381, "allocated_gib": 12.446, "reserved_gib": 12.834, "max_allocated_gib": 12.88}
[PROGRESS] batches=1220/2836 done=1220/2836 ok=1009 invalid=211 errors=0 elapsed_s=86489.7 gpu={"cuda_available": true, "device": "NVIDIA A100-PCIE-40GB", "free_gib": 9.311, "total_gib": 39.381, "allocated_gib": 12.446, "reserved_gib": 12.834, "max_allocated_gib": 12.88}
[PROGRESS] batches=1230/2836 done=1230/2836 ok=1016 invalid=214 errors=0 elapsed_s=87063.4 gpu={"cuda_available": true, "device": "NVIDIA A100-PCIE-40GB", "free_gib": 9.272, "total_gib": 39.381, "allocated_gib": 12.446, "reserved_gib": 12.873, "max_allocated_gib": 12.881}
[PROGRESS] batches=1240/2836 done=1240/2836 ok=1025 invalid=215 errors=0 elapsed_s=87477.6 gpu={"cuda_available": true, "device": "NVIDIA A100-PCIE-40GB", "free_gib": 9.272, "total_gib": 39.381, "allocated_gib": 12.446, "reserved_gib": 12.834, "max_allocated_gib": 12.881}
[PROGRESS] batches=1250/2836 done=1250/2836 ok=1034 invalid=216 errors=0 elapsed_s=87873.2 gpu={"cuda_available": true, "device": "NVIDIA A100-PCIE-40GB", "free_gib": 9.233, "total_gib": 39.381, "allocated_gib": 12.446, "reserved_gib": 12.854, "max_allocated_gib": 12.881}
[PROGRESS] batches=1260/2836 done=1260/2836 ok=1044 invalid=216 errors=0 elapsed_s=88255.2 gpu={"cuda_available": true, "device": "NVIDIA A100-PCIE-40GB", "free_gib": 9.233, "total_gib": 39.381, "allocated_gib": 12.446, "reserved_gib": 12.854, "max_allocated_gib": 12.881}
[PROGRESS] batches=1270/2836 done=1270/2836 ok=1051 invalid=219 errors=0 elapsed_s=88822.2 gpu={"cuda_available": true, "device": "NVIDIA A100-PCIE-40GB", "free_gib": 9.174, "total_gib": 39.381, "allocated_gib": 12.446, "reserved_gib": 12.854, "max_allocated_gib": 12.883}
[PROGRESS] batches=1280/2836 done=1280/2836 ok=1061 invalid=219 errors=0 elapsed_s=89266.4 gpu={"cuda_available": true, "device": "NVIDIA A100-PCIE-40GB", "free_gib": 9.194, "total_gib": 39.381, "allocated_gib": 12.446, "reserved_gib": 12.814, "max_allocated_gib": 12.883}
[PROGRESS] batches=1290/2836 done=1290/2836 ok=1071 invalid=219 errors=0 elapsed_s=89816.2 gpu={"cuda_available": true, "device": "NVIDIA A100-PCIE-40GB", "free_gib": 9.076, "total_gib": 39.381, "allocated_gib": 12.446, "reserved_gib": 12.854, "max_allocated_gib": 12.883}
[PROGRESS] batches=1300/2836 done=1300/2836 ok=1079 invalid=221 errors=0 elapsed_s=90398.8 gpu={"cuda_available": true, "device": "NVIDIA A100-PCIE-40GB", "free_gib": 8.94, "total_gib": 39.381, "allocated_gib": 12.446, "reserved_gib": 12.932, "max_allocated_gib": 12.884}
[PROGRESS] batches=1310/2836 done=1310/2836 ok=1089 invalid=221 errors=0 elapsed_s=90757.0 gpu={"cuda_available": true, "device": "NVIDIA A100-PCIE-40GB", "free_gib": 8.94, "total_gib": 39.381, "allocated_gib": 12.446, "reserved_gib": 12.854, "max_allocated_gib": 12.884}
[PROGRESS] batches=1320/2836 done=1320/2836 ok=1099 invalid=221 errors=0 elapsed_s=91142.6 gpu={"cuda_available": true, "device": "NVIDIA A100-PCIE-40GB", "free_gib": 8.764, "total_gib": 39.381, "allocated_gib": 12.446, "reserved_gib": 12.873, "max_allocated_gib": 12.884}
[PROGRESS] batches=1330/2836 done=1330/2836 ok=1108 invalid=222 errors=0 elapsed_s=91550.4 gpu={"cuda_available": true, "device": "NVIDIA A100-PCIE-40GB", "free_gib": 8.783, "total_gib": 39.381, "allocated_gib": 12.446, "reserved_gib": 12.834, "max_allocated_gib": 12.884}
[PROGRESS] batches=1340/2836 done=1340/2836 ok=1118 invalid=222 errors=0 elapsed_s=91886.5 gpu={"cuda_available": true, "device": "NVIDIA A100-PCIE-40GB", "free_gib": 8.744, "total_gib": 39.381, "allocated_gib": 12.446, "reserved_gib": 12.834, "max_allocated_gib": 12.884}
[PROGRESS] batches=1350/2836 done=1350/2836 ok=1127 invalid=223 errors=0 elapsed_s=92364.6 gpu={"cuda_available": true, "device": "NVIDIA A100-PCIE-40GB", "free_gib": 8.666, "total_gib": 39.381, "allocated_gib": 12.446, "reserved_gib": 12.854, "max_allocated_gib": 12.886}
[PROGRESS] batches=1360/2836 done=1360/2836 ok=1136 invalid=224 errors=0 elapsed_s=92705.7 gpu={"cuda_available": true, "device": "NVIDIA A100-PCIE-40GB", "free_gib": 8.1, "total_gib": 39.381, "allocated_gib": 12.446, "reserved_gib": 12.834, "max_allocated_gib": 12.886}
[PROGRESS] batches=1370/2836 done=1370/2836 ok=1145 invalid=225 errors=0 elapsed_s=93247.1 gpu={"cuda_available": true, "device": "NVIDIA A100-PCIE-40GB", "free_gib": 7.924, "total_gib": 39.381, "allocated_gib": 12.446, "reserved_gib": 12.873, "max_allocated_gib": 12.887}
[PROGRESS] batches=1380/2836 done=1380/2836 ok=1155 invalid=225 errors=0 elapsed_s=93614.4 gpu={"cuda_available": true, "device": "NVIDIA A100-PCIE-40GB", "free_gib": 7.944, "total_gib": 39.381, "allocated_gib": 12.446, "reserved_gib": 12.854, "max_allocated_gib": 12.887}
[PROGRESS] batches=1390/2836 done=1390/2836 ok=1163 invalid=227 errors=0 elapsed_s=94213.7 gpu={"cuda_available": true, "device": "NVIDIA A100-PCIE-40GB", "free_gib": 7.807, "total_gib": 39.381, "allocated_gib": 12.446, "reserved_gib": 12.854, "max_allocated_gib": 12.888}
[PROGRESS] batches=1400/2836 done=1400/2836 ok=1173 invalid=227 errors=0 elapsed_s=94466.8 gpu={"cuda_available": true, "device": "NVIDIA A100-PCIE-40GB", "free_gib": 26.01, "total_gib": 39.381, "allocated_gib": 12.446, "reserved_gib": 12.854, "max_allocated_gib": 12.888}
[PROGRESS] batches=1410/2836 done=1410/2836 ok=1179 invalid=231 errors=0 elapsed_s=94968.3 gpu={"cuda_available": true, "device": "NVIDIA A100-PCIE-40GB", "free_gib": 25.99, "total_gib": 39.381, "allocated_gib": 12.446, "reserved_gib": 12.873, "max_allocated_gib": 12.888}
[PROGRESS] batches=1420/2836 done=1420/2836 ok=1189 invalid=231 errors=0 elapsed_s=95362.0 gpu={"cuda_available": true, "device": "NVIDIA A100-PCIE-40GB", "free_gib": 26.01, "total_gib": 39.381, "allocated_gib": 12.446, "reserved_gib": 12.854, "max_allocated_gib": 12.888}
[PROGRESS] batches=1430/2836 done=1430/2836 ok=1198 invalid=232 errors=0 elapsed_s=95816.9 gpu={"cuda_available": true, "device": "NVIDIA A100-PCIE-40GB", "free_gib": 26.029, "total_gib": 39.381, "allocated_gib": 12.446, "reserved_gib": 12.834, "max_allocated_gib": 12.888}
[PROGRESS] batches=1440/2836 done=1440/2836 ok=1207 invalid=233 errors=0 elapsed_s=96232.3 gpu={"cuda_available": true, "device": "NVIDIA A100-PCIE-40GB", "free_gib": 26.029, "total_gib": 39.381, "allocated_gib": 12.446, "reserved_gib": 12.834, "max_allocated_gib": 12.888}
[PROGRESS] batches=1450/2836 done=1450/2836 ok=1217 invalid=233 errors=0 elapsed_s=96576.2 gpu={"cuda_available": true, "device": "NVIDIA A100-PCIE-40GB", "free_gib": 25.971, "total_gib": 39.381, "allocated_gib": 12.446, "reserved_gib": 12.893, "max_allocated_gib": 12.888}
[PROGRESS] batches=1460/2836 done=1460/2836 ok=1227 invalid=233 errors=0 elapsed_s=96958.8 gpu={"cuda_available": true, "device": "NVIDIA A100-PCIE-40GB", "free_gib": 26.01, "total_gib": 39.381, "allocated_gib": 12.446, "reserved_gib": 12.854, "max_allocated_gib": 12.888}
[PROGRESS] batches=1470/2836 done=1470/2836 ok=1237 invalid=233 errors=0 elapsed_s=97328.9 gpu={"cuda_available": true, "device": "NVIDIA A100-PCIE-40GB", "free_gib": 26.029, "total_gib": 39.381, "allocated_gib": 12.446, "reserved_gib": 12.834, "max_allocated_gib": 12.888}
[PROGRESS] batches=1480/2836 done=1480/2836 ok=1246 invalid=234 errors=0 elapsed_s=97733.3 gpu={"cuda_available": true, "device": "NVIDIA A100-PCIE-40GB", "free_gib": 25.931, "total_gib": 39.381, "allocated_gib": 12.446, "reserved_gib": 12.932, "max_allocated_gib": 12.892}
[PROGRESS] batches=1490/2836 done=1490/2836 ok=1253 invalid=237 errors=0 elapsed_s=98267.3 gpu={"cuda_available": true, "device": "NVIDIA A100-PCIE-40GB", "free_gib": 25.971, "total_gib": 39.381, "allocated_gib": 12.446, "reserved_gib": 12.893, "max_allocated_gib": 12.893}
[PROGRESS] batches=1500/2836 done=1500/2836 ok=1262 invalid=238 errors=0 elapsed_s=98855.9 gpu={"cuda_available": true, "device": "NVIDIA A100-PCIE-40GB", "free_gib": 25.99, "total_gib": 39.381, "allocated_gib": 12.446, "reserved_gib": 12.873, "max_allocated_gib": 12.893}
[PROGRESS] batches=1510/2836 done=1510/2836 ok=1271 invalid=239 errors=0 elapsed_s=99238.3 gpu={"cuda_available": true, "device": "NVIDIA A100-PCIE-40GB", "free_gib": 26.01, "total_gib": 39.381, "allocated_gib": 12.446, "reserved_gib": 12.854, "max_allocated_gib": 12.893}
[PROGRESS] batches=1520/2836 done=1520/2836 ok=1281 invalid=239 errors=0 elapsed_s=99685.3 gpu={"cuda_available": true, "device": "NVIDIA A100-PCIE-40GB", "free_gib": 26.029, "total_gib": 39.381, "allocated_gib": 12.446, "reserved_gib": 12.834, "max_allocated_gib": 12.893}
[PROGRESS] batches=1530/2836 done=1530/2836 ok=1290 invalid=240 errors=0 elapsed_s=100114.4 gpu={"cuda_available": true, "device": "NVIDIA A100-PCIE-40GB", "free_gib": 26.029, "total_gib": 39.381, "allocated_gib": 12.446, "reserved_gib": 12.834, "max_allocated_gib": 12.893}
[PROGRESS] batches=1540/2836 done=1540/2836 ok=1300 invalid=240 errors=0 elapsed_s=100526.9 gpu={"cuda_available": true, "device": "NVIDIA A100-PCIE-40GB", "free_gib": 25.99, "total_gib": 39.381, "allocated_gib": 12.446, "reserved_gib": 12.873, "max_allocated_gib": 12.893}
[PROGRESS] batches=1550/2836 done=1550/2836 ok=1309 invalid=241 errors=0 elapsed_s=100887.7 gpu={"cuda_available": true, "device": "NVIDIA A100-PCIE-40GB", "free_gib": 26.029, "total_gib": 39.381, "allocated_gib": 12.446, "reserved_gib": 12.834, "max_allocated_gib": 12.893}
[PROGRESS] batches=1560/2836 done=1560/2836 ok=1317 invalid=243 errors=0 elapsed_s=101241.5 gpu={"cuda_available": true, "device": "NVIDIA A100-PCIE-40GB", "free_gib": 26.01, "total_gib": 39.381, "allocated_gib": 12.446, "reserved_gib": 12.854, "max_allocated_gib": 12.893}
[PROGRESS] batches=1570/2836 done=1570/2836 ok=1326 invalid=244 errors=0 elapsed_s=101575.8 gpu={"cuda_available": true, "device": "NVIDIA A100-PCIE-40GB", "free_gib": 26.029, "total_gib": 39.381, "allocated_gib": 12.446, "reserved_gib": 12.834, "max_allocated_gib": 12.893}
[PROGRESS] batches=1580/2836 done=1580/2836 ok=1335 invalid=245 errors=0 elapsed_s=101882.7 gpu={"cuda_available": true, "device": "NVIDIA A100-PCIE-40GB", "free_gib": 26.029, "total_gib": 39.381, "allocated_gib": 12.446, "reserved_gib": 12.834, "max_allocated_gib": 12.893}
[PROGRESS] batches=1590/2836 done=1590/2836 ok=1344 invalid=246 errors=0 elapsed_s=102195.9 gpu={"cuda_available": true, "device": "NVIDIA A100-PCIE-40GB", "free_gib": 26.01, "total_gib": 39.381, "allocated_gib": 12.446, "reserved_gib": 12.854, "max_allocated_gib": 12.893}
[PROGRESS] batches=1600/2836 done=1600/2836 ok=1354 invalid=246 errors=0 elapsed_s=102511.0 gpu={"cuda_available": true, "device": "NVIDIA A100-PCIE-40GB", "free_gib": 26.029, "total_gib": 39.381, "allocated_gib": 12.446, "reserved_gib": 12.834, "max_allocated_gib": 12.893}
[PROGRESS] batches=1610/2836 done=1610/2836 ok=1363 invalid=247 errors=0 elapsed_s=102900.2 gpu={"cuda_available": true, "device": "NVIDIA A100-PCIE-40GB", "free_gib": 26.029, "total_gib": 39.381, "allocated_gib": 12.446, "reserved_gib": 12.834, "max_allocated_gib": 12.898}
[PROGRESS] batches=1620/2836 done=1620/2836 ok=1372 invalid=248 errors=0 elapsed_s=103261.3 gpu={"cuda_available": true, "device": "NVIDIA A100-PCIE-40GB", "free_gib": 25.951, "total_gib": 39.381, "allocated_gib": 12.446, "reserved_gib": 12.912, "max_allocated_gib": 12.898}
[PROGRESS] batches=1630/2836 done=1630/2836 ok=1381 invalid=249 errors=0 elapsed_s=103707.9 gpu={"cuda_available": true, "device": "NVIDIA A100-PCIE-40GB", "free_gib": 26.01, "total_gib": 39.381, "allocated_gib": 12.446, "reserved_gib": 12.854, "max_allocated_gib": 12.898}
[PROGRESS] batches=1640/2836 done=1640/2836 ok=1391 invalid=249 errors=0 elapsed_s=104042.0 gpu={"cuda_available": true, "device": "NVIDIA A100-PCIE-40GB", "free_gib": 26.029, "total_gib": 39.381, "allocated_gib": 12.446, "reserved_gib": 12.834, "max_allocated_gib": 12.898}
[PROGRESS] batches=1650/2836 done=1650/2836 ok=1401 invalid=249 errors=0 elapsed_s=104362.1 gpu={"cuda_available": true, "device": "NVIDIA A100-PCIE-40GB", "free_gib": 26.01, "total_gib": 39.381, "allocated_gib": 12.446, "reserved_gib": 12.854, "max_allocated_gib": 12.898}
[PROGRESS] batches=1660/2836 done=1660/2836 ok=1410 invalid=250 errors=0 elapsed_s=104795.2 gpu={"cuda_available": true, "device": "NVIDIA A100-PCIE-40GB", "free_gib": 25.971, "total_gib": 39.381, "allocated_gib": 12.446, "reserved_gib": 12.893, "max_allocated_gib": 12.901}
[PROGRESS] batches=1670/2836 done=1670/2836 ok=1420 invalid=250 errors=0 elapsed_s=105198.9 gpu={"cuda_available": true, "device": "NVIDIA A100-PCIE-40GB", "free_gib": 26.01, "total_gib": 39.381, "allocated_gib": 12.446, "reserved_gib": 12.854, "max_allocated_gib": 12.901}
[PROGRESS] batches=1680/2836 done=1680/2836 ok=1430 invalid=250 errors=0 elapsed_s=105420.2 gpu={"cuda_available": true, "device": "NVIDIA A100-PCIE-40GB", "free_gib": 26.01, "total_gib": 39.381, "allocated_gib": 12.446, "reserved_gib": 12.854, "max_allocated_gib": 12.901}
[PROGRESS] batches=1690/2836 done=1690/2836 ok=1439 invalid=251 errors=0 elapsed_s=105716.5 gpu={"cuda_available": true, "device": "NVIDIA A100-PCIE-40GB", "free_gib": 26.01, "total_gib": 39.381, "allocated_gib": 12.446, "reserved_gib": 12.854, "max_allocated_gib": 12.901}
[PROGRESS] batches=1700/2836 done=1700/2836 ok=1448 invalid=252 errors=0 elapsed_s=106063.1 gpu={"cuda_available": true, "device": "NVIDIA A100-PCIE-40GB", "free_gib": 26.01, "total_gib": 39.381, "allocated_gib": 12.446, "reserved_gib": 12.854, "max_allocated_gib": 12.901}
[PROGRESS] batches=1710/2836 done=1710/2836 ok=1458 invalid=252 errors=0 elapsed_s=106399.2 gpu={"cuda_available": true, "device": "NVIDIA A100-PCIE-40GB", "free_gib": 25.99, "total_gib": 39.381, "allocated_gib": 12.446, "reserved_gib": 12.873, "max_allocated_gib": 12.901}
[PROGRESS] batches=1720/2836 done=1720/2836 ok=1468 invalid=252 errors=0 elapsed_s=106675.3 gpu={"cuda_available": true, "device": "NVIDIA A100-PCIE-40GB", "free_gib": 25.99, "total_gib": 39.381, "allocated_gib": 12.446, "reserved_gib": 12.873, "max_allocated_gib": 12.901}
[PROGRESS] batches=1730/2836 done=1730/2836 ok=1478 invalid=252 errors=0 elapsed_s=106967.8 gpu={"cuda_available": true, "device": "NVIDIA A100-PCIE-40GB", "free_gib": 25.951, "total_gib": 39.381, "allocated_gib": 12.446, "reserved_gib": 12.912, "max_allocated_gib": 12.901}
[PROGRESS] batches=1740/2836 done=1740/2836 ok=1488 invalid=252 errors=0 elapsed_s=107159.3 gpu={"cuda_available": true, "device": "NVIDIA A100-PCIE-40GB", "free_gib": 26.01, "total_gib": 39.381, "allocated_gib": 12.446, "reserved_gib": 12.854, "max_allocated_gib": 12.901}
[PROGRESS] batches=1750/2836 done=1750/2836 ok=1497 invalid=253 errors=0 elapsed_s=107540.8 gpu={"cuda_available": true, "device": "NVIDIA A100-PCIE-40GB", "free_gib": 26.01, "total_gib": 39.381, "allocated_gib": 12.446, "reserved_gib": 12.854, "max_allocated_gib": 12.906}
[PROGRESS] batches=1760/2836 done=1760/2836 ok=1506 invalid=254 errors=0 elapsed_s=108180.2 gpu={"cuda_available": true, "device": "NVIDIA A100-PCIE-40GB", "free_gib": 25.912, "total_gib": 39.381, "allocated_gib": 12.446, "reserved_gib": 12.951, "max_allocated_gib": 12.907}
[PROGRESS] batches=1770/2836 done=1770/2836 ok=1516 invalid=254 errors=0 elapsed_s=108508.5 gpu={"cuda_available": true, "device": "NVIDIA A100-PCIE-40GB", "free_gib": 26.01, "total_gib": 39.381, "allocated_gib": 12.446, "reserved_gib": 12.854, "max_allocated_gib": 12.907}
[PROGRESS] batches=1780/2836 done=1780/2836 ok=1526 invalid=254 errors=0 elapsed_s=108747.4 gpu={"cuda_available": true, "device": "NVIDIA A100-PCIE-40GB", "free_gib": 26.01, "total_gib": 39.381, "allocated_gib": 12.446, "reserved_gib": 12.854, "max_allocated_gib": 12.907}
[PROGRESS] batches=1790/2836 done=1790/2836 ok=1535 invalid=255 errors=0 elapsed_s=109029.8 gpu={"cuda_available": true, "device": "NVIDIA A100-PCIE-40GB", "free_gib": 26.01, "total_gib": 39.381, "allocated_gib": 12.446, "reserved_gib": 12.854, "max_allocated_gib": 12.909}
[PROGRESS] batches=1800/2836 done=1800/2836 ok=1545 invalid=255 errors=0 elapsed_s=109255.8 gpu={"cuda_available": true, "device": "NVIDIA A100-PCIE-40GB", "free_gib": 25.99, "total_gib": 39.381, "allocated_gib": 12.446, "reserved_gib": 12.873, "max_allocated_gib": 12.909}
[PROGRESS] batches=1810/2836 done=1810/2836 ok=1555 invalid=255 errors=0 elapsed_s=109546.3 gpu={"cuda_available": true, "device": "NVIDIA A100-PCIE-40GB", "free_gib": 26.01, "total_gib": 39.381, "allocated_gib": 12.446, "reserved_gib": 12.854, "max_allocated_gib": 12.909}
[PROGRESS] batches=1820/2836 done=1820/2836 ok=1565 invalid=255 errors=0 elapsed_s=109847.1 gpu={"cuda_available": true, "device": "NVIDIA A100-PCIE-40GB", "free_gib": 25.951, "total_gib": 39.381, "allocated_gib": 12.446, "reserved_gib": 12.912, "max_allocated_gib": 12.909}
[PROGRESS] batches=1830/2836 done=1830/2836 ok=1575 invalid=255 errors=0 elapsed_s=110110.4 gpu={"cuda_available": true, "device": "NVIDIA A100-PCIE-40GB", "free_gib": 25.971, "total_gib": 39.381, "allocated_gib": 12.446, "reserved_gib": 12.893, "max_allocated_gib": 12.909}
[PROGRESS] batches=1840/2836 done=1840/2836 ok=1585 invalid=255 errors=0 elapsed_s=110442.6 gpu={"cuda_available": true, "device": "NVIDIA A100-PCIE-40GB", "free_gib": 26.01, "total_gib": 39.381, "allocated_gib": 12.446, "reserved_gib": 12.854, "max_allocated_gib": 12.909}
[PROGRESS] batches=1850/2836 done=1850/2836 ok=1595 invalid=255 errors=0 elapsed_s=110637.3 gpu={"cuda_available": true, "device": "NVIDIA A100-PCIE-40GB", "free_gib": 26.01, "total_gib": 39.381, "allocated_gib": 12.446, "reserved_gib": 12.854, "max_allocated_gib": 12.909}
[PROGRESS] batches=1860/2836 done=1860/2836 ok=1605 invalid=255 errors=0 elapsed_s=110856.8 gpu={"cuda_available": true, "device": "NVIDIA A100-PCIE-40GB", "free_gib": 25.971, "total_gib": 39.381, "allocated_gib": 12.446, "reserved_gib": 12.893, "max_allocated_gib": 12.909}
[PROGRESS] batches=1870/2836 done=1870/2836 ok=1614 invalid=256 errors=0 elapsed_s=111229.9 gpu={"cuda_available": true, "device": "NVIDIA A100-PCIE-40GB", "free_gib": 26.01, "total_gib": 39.381, "allocated_gib": 12.446, "reserved_gib": 12.854, "max_allocated_gib": 12.909}
[PROGRESS] batches=1880/2836 done=1880/2836 ok=1624 invalid=256 errors=0 elapsed_s=111592.2 gpu={"cuda_available": true, "device": "NVIDIA A100-PCIE-40GB", "free_gib": 26.01, "total_gib": 39.381, "allocated_gib": 12.446, "reserved_gib": 12.854, "max_allocated_gib": 12.909}
[PROGRESS] batches=1890/2836 done=1890/2836 ok=1634 invalid=256 errors=0 elapsed_s=111868.8 gpu={"cuda_available": true, "device": "NVIDIA A100-PCIE-40GB", "free_gib": 25.971, "total_gib": 39.381, "allocated_gib": 12.446, "reserved_gib": 12.893, "max_allocated_gib": 12.909}
[PROGRESS] batches=1900/2836 done=1900/2836 ok=1644 invalid=256 errors=0 elapsed_s=112157.0 gpu={"cuda_available": true, "device": "NVIDIA A100-PCIE-40GB", "free_gib": 25.99, "total_gib": 39.381, "allocated_gib": 12.446, "reserved_gib": 12.873, "max_allocated_gib": 12.909}
[PROGRESS] batches=1910/2836 done=1910/2836 ok=1654 invalid=256 errors=0 elapsed_s=112426.8 gpu={"cuda_available": true, "device": "NVIDIA A100-PCIE-40GB", "free_gib": 25.99, "total_gib": 39.381, "allocated_gib": 12.446, "reserved_gib": 12.873, "max_allocated_gib": 12.909}
[PROGRESS] batches=1920/2836 done=1920/2836 ok=1664 invalid=256 errors=0 elapsed_s=112723.2 gpu={"cuda_available": true, "device": "NVIDIA A100-PCIE-40GB", "free_gib": 25.99, "total_gib": 39.381, "allocated_gib": 12.446, "reserved_gib": 12.873, "max_allocated_gib": 12.909}
[PROGRESS] batches=1930/2836 done=1930/2836 ok=1674 invalid=256 errors=0 elapsed_s=112992.9 gpu={"cuda_available": true, "device": "NVIDIA A100-PCIE-40GB", "free_gib": 25.99, "total_gib": 39.381, "allocated_gib": 12.446, "reserved_gib": 12.873, "max_allocated_gib": 12.909}
[PROGRESS] batches=1940/2836 done=1940/2836 ok=1683 invalid=257 errors=0 elapsed_s=113281.3 gpu={"cuda_available": true, "device": "NVIDIA A100-PCIE-40GB", "free_gib": 25.99, "total_gib": 39.381, "allocated_gib": 12.446, "reserved_gib": 12.873, "max_allocated_gib": 12.914}
[PROGRESS] batches=1950/2836 done=1950/2836 ok=1692 invalid=258 errors=0 elapsed_s=113505.6 gpu={"cuda_available": true, "device": "NVIDIA A100-PCIE-40GB", "free_gib": 25.99, "total_gib": 39.381, "allocated_gib": 12.446, "reserved_gib": 12.873, "max_allocated_gib": 12.914}
[PROGRESS] batches=1960/2836 done=1960/2836 ok=1702 invalid=258 errors=0 elapsed_s=113835.3 gpu={"cuda_available": true, "device": "NVIDIA A100-PCIE-40GB", "free_gib": 25.99, "total_gib": 39.381, "allocated_gib": 12.446, "reserved_gib": 12.873, "max_allocated_gib": 12.914}
[PROGRESS] batches=1970/2836 done=1970/2836 ok=1712 invalid=258 errors=0 elapsed_s=114080.9 gpu={"cuda_available": true, "device": "NVIDIA A100-PCIE-40GB", "free_gib": 25.951, "total_gib": 39.381, "allocated_gib": 12.446, "reserved_gib": 12.912, "max_allocated_gib": 12.914}
[PROGRESS] batches=1980/2836 done=1980/2836 ok=1722 invalid=258 errors=0 elapsed_s=114264.4 gpu={"cuda_available": true, "device": "NVIDIA A100-PCIE-40GB", "free_gib": 25.99, "total_gib": 39.381, "allocated_gib": 12.446, "reserved_gib": 12.873, "max_allocated_gib": 12.914}
[PROGRESS] batches=1990/2836 done=1990/2836 ok=1732 invalid=258 errors=0 elapsed_s=114456.1 gpu={"cuda_available": true, "device": "NVIDIA A100-PCIE-40GB", "free_gib": 25.99, "total_gib": 39.381, "allocated_gib": 12.446, "reserved_gib": 12.873, "max_allocated_gib": 12.914}
[PROGRESS] batches=2000/2836 done=2000/2836 ok=1742 invalid=258 errors=0 elapsed_s=114740.6 gpu={"cuda_available": true, "device": "NVIDIA A100-PCIE-40GB", "free_gib": 25.99, "total_gib": 39.381, "allocated_gib": 12.446, "reserved_gib": 12.873, "max_allocated_gib": 12.914}
[PROGRESS] batches=2010/2836 done=2010/2836 ok=1752 invalid=258 errors=0 elapsed_s=115030.5 gpu={"cuda_available": true, "device": "NVIDIA A100-PCIE-40GB", "free_gib": 25.971, "total_gib": 39.381, "allocated_gib": 12.446, "reserved_gib": 12.893, "max_allocated_gib": 12.914}
[PROGRESS] batches=2020/2836 done=2020/2836 ok=1762 invalid=258 errors=0 elapsed_s=115263.9 gpu={"cuda_available": true, "device": "NVIDIA A100-PCIE-40GB", "free_gib": 25.99, "total_gib": 39.381, "allocated_gib": 12.446, "reserved_gib": 12.873, "max_allocated_gib": 12.914}
[PROGRESS] batches=2030/2836 done=2030/2836 ok=1772 invalid=258 errors=0 elapsed_s=115499.6 gpu={"cuda_available": true, "device": "NVIDIA A100-PCIE-40GB", "free_gib": 25.951, "total_gib": 39.381, "allocated_gib": 12.446, "reserved_gib": 12.912, "max_allocated_gib": 12.914}
[PROGRESS] batches=2040/2836 done=2040/2836 ok=1782 invalid=258 errors=0 elapsed_s=115651.6 gpu={"cuda_available": true, "device": "NVIDIA A100-PCIE-40GB", "free_gib": 25.971, "total_gib": 39.381, "allocated_gib": 12.446, "reserved_gib": 12.893, "max_allocated_gib": 12.914}
[PROGRESS] batches=2050/2836 done=2050/2836 ok=1792 invalid=258 errors=0 elapsed_s=115901.9 gpu={"cuda_available": true, "device": "NVIDIA A100-PCIE-40GB", "free_gib": 25.971, "total_gib": 39.381, "allocated_gib": 12.446, "reserved_gib": 12.893, "max_allocated_gib": 12.914}
[PROGRESS] batches=2060/2836 done=2060/2836 ok=1802 invalid=258 errors=0 elapsed_s=116132.1 gpu={"cuda_available": true, "device": "NVIDIA A100-PCIE-40GB", "free_gib": 25.971, "total_gib": 39.381, "allocated_gib": 12.446, "reserved_gib": 12.893, "max_allocated_gib": 12.914}
[PROGRESS] batches=2070/2836 done=2070/2836 ok=1812 invalid=258 errors=0 elapsed_s=116356.8 gpu={"cuda_available": true, "device": "NVIDIA A100-PCIE-40GB", "free_gib": 25.971, "total_gib": 39.381, "allocated_gib": 12.446, "reserved_gib": 12.893, "max_allocated_gib": 12.914}
[PROGRESS] batches=2080/2836 done=2080/2836 ok=1822 invalid=258 errors=0 elapsed_s=116571.1 gpu={"cuda_available": true, "device": "NVIDIA A100-PCIE-40GB", "free_gib": 25.971, "total_gib": 39.381, "allocated_gib": 12.446, "reserved_gib": 12.893, "max_allocated_gib": 12.914}
[PROGRESS] batches=2090/2836 done=2090/2836 ok=1832 invalid=258 errors=0 elapsed_s=116734.7 gpu={"cuda_available": true, "device": "NVIDIA A100-PCIE-40GB", "free_gib": 25.971, "total_gib": 39.381, "allocated_gib": 12.446, "reserved_gib": 12.893, "max_allocated_gib": 12.914}
[PROGRESS] batches=2100/2836 done=2100/2836 ok=1842 invalid=258 errors=0 elapsed_s=116951.5 gpu={"cuda_available": true, "device": "NVIDIA A100-PCIE-40GB", "free_gib": 25.951, "total_gib": 39.381, "allocated_gib": 12.446, "reserved_gib": 12.912, "max_allocated_gib": 12.914}
[PROGRESS] batches=2110/2836 done=2110/2836 ok=1852 invalid=258 errors=0 elapsed_s=117102.9 gpu={"cuda_available": true, "device": "NVIDIA A100-PCIE-40GB", "free_gib": 25.971, "total_gib": 39.381, "allocated_gib": 12.446, "reserved_gib": 12.893, "max_allocated_gib": 12.914}
[PROGRESS] batches=2120/2836 done=2120/2836 ok=1861 invalid=259 errors=0 elapsed_s=117268.5 gpu={"cuda_available": true, "device": "NVIDIA A100-PCIE-40GB", "free_gib": 25.951, "total_gib": 39.381, "allocated_gib": 12.446, "reserved_gib": 12.912, "max_allocated_gib": 12.914}
[PROGRESS] batches=2130/2836 done=2130/2836 ok=1868 invalid=262 errors=0 elapsed_s=117544.6 gpu={"cuda_available": true, "device": "NVIDIA A100-PCIE-40GB", "free_gib": 25.951, "total_gib": 39.381, "allocated_gib": 12.446, "reserved_gib": 12.912, "max_allocated_gib": 12.914}
[PROGRESS] batches=2140/2836 done=2140/2836 ok=1878 invalid=262 errors=0 elapsed_s=117868.1 gpu={"cuda_available": true, "device": "NVIDIA A100-PCIE-40GB", "free_gib": 25.951, "total_gib": 39.381, "allocated_gib": 12.446, "reserved_gib": 12.912, "max_allocated_gib": 12.914}
[PROGRESS] batches=2150/2836 done=2150/2836 ok=1887 invalid=263 errors=0 elapsed_s=118254.8 gpu={"cuda_available": true, "device": "NVIDIA A100-PCIE-40GB", "free_gib": 25.912, "total_gib": 39.381, "allocated_gib": 12.446, "reserved_gib": 12.951, "max_allocated_gib": 12.914}
[PROGRESS] batches=2160/2836 done=2160/2836 ok=1897 invalid=263 errors=0 elapsed_s=118561.2 gpu={"cuda_available": true, "device": "NVIDIA A100-PCIE-40GB", "free_gib": 25.951, "total_gib": 39.381, "allocated_gib": 12.446, "reserved_gib": 12.912, "max_allocated_gib": 12.914}
[PROGRESS] batches=2170/2836 done=2170/2836 ok=1906 invalid=264 errors=0 elapsed_s=118960.1 gpu={"cuda_available": true, "device": "NVIDIA A100-PCIE-40GB", "free_gib": 25.931, "total_gib": 39.381, "allocated_gib": 12.446, "reserved_gib": 12.932, "max_allocated_gib": 12.914}
[PROGRESS] batches=2180/2836 done=2180/2836 ok=1916 invalid=264 errors=0 elapsed_s=119524.5 gpu={"cuda_available": true, "device": "NVIDIA A100-PCIE-40GB", "free_gib": 25.931, "total_gib": 39.381, "allocated_gib": 12.446, "reserved_gib": 12.932, "max_allocated_gib": 12.927}
[PROGRESS] batches=2190/2836 done=2190/2836 ok=1926 invalid=264 errors=0 elapsed_s=120238.8 gpu={"cuda_available": true, "device": "NVIDIA A100-PCIE-40GB", "free_gib": 25.892, "total_gib": 39.381, "allocated_gib": 12.446, "reserved_gib": 12.971, "max_allocated_gib": 12.93}
[PROGRESS] batches=2200/2836 done=2200/2836 ok=1934 invalid=266 errors=0 elapsed_s=120828.8 gpu={"cuda_available": true, "device": "NVIDIA A100-PCIE-40GB", "free_gib": 25.912, "total_gib": 39.381, "allocated_gib": 12.446, "reserved_gib": 12.951, "max_allocated_gib": 12.93}
[PROGRESS] batches=2210/2836 done=2210/2836 ok=1943 invalid=267 errors=0 elapsed_s=121456.1 gpu={"cuda_available": true, "device": "NVIDIA A100-PCIE-40GB", "free_gib": 25.892, "total_gib": 39.381, "allocated_gib": 12.446, "reserved_gib": 12.971, "max_allocated_gib": 12.937}
[PROGRESS] batches=2220/2836 done=2220/2836 ok=1952 invalid=268 errors=0 elapsed_s=121936.6 gpu={"cuda_available": true, "device": "NVIDIA A100-PCIE-40GB", "free_gib": 25.912, "total_gib": 39.381, "allocated_gib": 12.446, "reserved_gib": 12.951, "max_allocated_gib": 12.937}
[PROGRESS] batches=2230/2836 done=2230/2836 ok=1960 invalid=270 errors=0 elapsed_s=122513.5 gpu={"cuda_available": true, "device": "NVIDIA A100-PCIE-40GB", "free_gib": 25.873, "total_gib": 39.381, "allocated_gib": 12.446, "reserved_gib": 12.99, "max_allocated_gib": 12.94}
[PROGRESS] batches=2240/2836 done=2240/2836 ok=1970 invalid=270 errors=0 elapsed_s=122932.8 gpu={"cuda_available": true, "device": "NVIDIA A100-PCIE-40GB", "free_gib": 25.873, "total_gib": 39.381, "allocated_gib": 12.446, "reserved_gib": 12.99, "max_allocated_gib": 12.94}
[PROGRESS] batches=2250/2836 done=2250/2836 ok=1980 invalid=270 errors=0 elapsed_s=123456.3 gpu={"cuda_available": true, "device": "NVIDIA A100-PCIE-40GB", "free_gib": 25.912, "total_gib": 39.381, "allocated_gib": 12.446, "reserved_gib": 12.951, "max_allocated_gib": 12.94}
[PROGRESS] batches=2260/2836 done=2260/2836 ok=1989 invalid=271 errors=0 elapsed_s=123911.4 gpu={"cuda_available": true, "device": "NVIDIA A100-PCIE-40GB", "free_gib": 25.931, "total_gib": 39.381, "allocated_gib": 12.446, "reserved_gib": 12.932, "max_allocated_gib": 12.95}
[PROGRESS] batches=2270/2836 done=2270/2836 ok=1998 invalid=272 errors=0 elapsed_s=124541.6 gpu={"cuda_available": true, "device": "NVIDIA A100-PCIE-40GB", "free_gib": 25.912, "total_gib": 39.381, "allocated_gib": 12.446, "reserved_gib": 12.951, "max_allocated_gib": 12.955}
[PROGRESS] batches=2280/2836 done=2280/2836 ok=2007 invalid=273 errors=0 elapsed_s=125223.9 gpu={"cuda_available": true, "device": "NVIDIA A100-PCIE-40GB", "free_gib": 25.912, "total_gib": 39.381, "allocated_gib": 12.446, "reserved_gib": 12.951, "max_allocated_gib": 12.972}
[PROGRESS] batches=2290/2836 done=2290/2836 ok=2017 invalid=273 errors=0 elapsed_s=125770.8 gpu={"cuda_available": true, "device": "NVIDIA A100-PCIE-40GB", "free_gib": 25.912, "total_gib": 39.381, "allocated_gib": 12.446, "reserved_gib": 12.951, "max_allocated_gib": 12.972}
[PROGRESS] batches=2300/2836 done=2300/2836 ok=2027 invalid=273 errors=0 elapsed_s=126368.7 gpu={"cuda_available": true, "device": "NVIDIA A100-PCIE-40GB", "free_gib": 25.873, "total_gib": 39.381, "allocated_gib": 12.446, "reserved_gib": 12.99, "max_allocated_gib": 12.972}
[PROGRESS] batches=2310/2836 done=2310/2836 ok=2036 invalid=274 errors=0 elapsed_s=126891.4 gpu={"cuda_available": true, "device": "NVIDIA A100-PCIE-40GB", "free_gib": 25.931, "total_gib": 39.381, "allocated_gib": 12.446, "reserved_gib": 12.932, "max_allocated_gib": 12.975}
[PROGRESS] batches=2320/2836 done=2320/2836 ok=2046 invalid=274 errors=0 elapsed_s=127515.0 gpu={"cuda_available": true, "device": "NVIDIA A100-PCIE-40GB", "free_gib": 25.912, "total_gib": 39.381, "allocated_gib": 12.446, "reserved_gib": 12.951, "max_allocated_gib": 12.975}
[PROGRESS] batches=2330/2836 done=2330/2836 ok=2056 invalid=274 errors=0 elapsed_s=128270.0 gpu={"cuda_available": true, "device": "NVIDIA A100-PCIE-40GB", "free_gib": 25.873, "total_gib": 39.381, "allocated_gib": 12.446, "reserved_gib": 12.99, "max_allocated_gib": 12.975}
[PROGRESS] batches=2340/2836 done=2340/2836 ok=2066 invalid=274 errors=0 elapsed_s=128904.4 gpu={"cuda_available": true, "device": "NVIDIA A100-PCIE-40GB", "free_gib": 25.912, "total_gib": 39.381, "allocated_gib": 12.446, "reserved_gib": 12.951, "max_allocated_gib": 12.975}
[PROGRESS] batches=2350/2836 done=2350/2836 ok=2076 invalid=274 errors=0 elapsed_s=129602.4 gpu={"cuda_available": true, "device": "NVIDIA A100-PCIE-40GB", "free_gib": 25.873, "total_gib": 39.381, "allocated_gib": 12.446, "reserved_gib": 12.99, "max_allocated_gib": 12.975}
[PROGRESS] batches=2360/2836 done=2360/2836 ok=2084 invalid=276 errors=0 elapsed_s=130285.6 gpu={"cuda_available": true, "device": "NVIDIA A100-PCIE-40GB", "free_gib": 25.892, "total_gib": 39.381, "allocated_gib": 12.446, "reserved_gib": 12.971, "max_allocated_gib": 12.975}
[PROGRESS] batches=2370/2836 done=2370/2836 ok=2093 invalid=277 errors=0 elapsed_s=131145.9 gpu={"cuda_available": true, "device": "NVIDIA A100-PCIE-40GB", "free_gib": 25.873, "total_gib": 39.381, "allocated_gib": 12.446, "reserved_gib": 12.99, "max_allocated_gib": 12.978}
[PROGRESS] batches=2380/2836 done=2380/2836 ok=2103 invalid=277 errors=0 elapsed_s=131918.6 gpu={"cuda_available": true, "device": "NVIDIA A100-PCIE-40GB", "free_gib": 25.873, "total_gib": 39.381, "allocated_gib": 12.446, "reserved_gib": 12.99, "max_allocated_gib": 12.978}
[PROGRESS] batches=2390/2836 done=2390/2836 ok=2111 invalid=279 errors=0 elapsed_s=132751.9 gpu={"cuda_available": true, "device": "NVIDIA A100-PCIE-40GB", "free_gib": 25.873, "total_gib": 39.381, "allocated_gib": 12.446, "reserved_gib": 12.99, "max_allocated_gib": 12.98}
[PROGRESS] batches=2400/2836 done=2400/2836 ok=2120 invalid=280 errors=0 elapsed_s=133700.7 gpu={"cuda_available": true, "device": "NVIDIA A100-PCIE-40GB", "free_gib": 25.892, "total_gib": 39.381, "allocated_gib": 12.446, "reserved_gib": 12.971, "max_allocated_gib": 12.98}
[PROGRESS] batches=2410/2836 done=2410/2836 ok=2130 invalid=280 errors=0 elapsed_s=134723.8 gpu={"cuda_available": true, "device": "NVIDIA A100-PCIE-40GB", "free_gib": 25.853, "total_gib": 39.381, "allocated_gib": 12.446, "reserved_gib": 13.01, "max_allocated_gib": 12.98}
[PROGRESS] batches=2420/2836 done=2420/2836 ok=2138 invalid=282 errors=0 elapsed_s=135810.4 gpu={"cuda_available": true, "device": "NVIDIA A100-PCIE-40GB", "free_gib": 25.814, "total_gib": 39.381, "allocated_gib": 12.446, "reserved_gib": 13.049, "max_allocated_gib": 12.983}
[PROGRESS] batches=2430/2836 done=2430/2836 ok=2146 invalid=284 errors=0 elapsed_s=136720.6 gpu={"cuda_available": true, "device": "NVIDIA A100-PCIE-40GB", "free_gib": 16.123, "total_gib": 39.381, "allocated_gib": 12.446, "reserved_gib": 12.951, "max_allocated_gib": 12.983}
[PROGRESS] batches=2440/2836 done=2440/2836 ok=2153 invalid=287 errors=0 elapsed_s=137786.4 gpu={"cuda_available": true, "device": "NVIDIA A100-PCIE-40GB", "free_gib": 16.084, "total_gib": 39.381, "allocated_gib": 12.446, "reserved_gib": 12.99, "max_allocated_gib": 12.984}
[PROGRESS] batches=2450/2836 done=2450/2836 ok=2161 invalid=289 errors=0 elapsed_s=138869.0 gpu={"cuda_available": true, "device": "NVIDIA A100-PCIE-40GB", "free_gib": 14.813, "total_gib": 39.381, "allocated_gib": 12.446, "reserved_gib": 13.029, "max_allocated_gib": 12.985}
[PROGRESS] batches=2460/2836 done=2460/2836 ok=2164 invalid=296 errors=0 elapsed_s=139972.5 gpu={"cuda_available": true, "device": "NVIDIA A100-PCIE-40GB", "free_gib": 15.244, "total_gib": 39.381, "allocated_gib": 12.446, "reserved_gib": 13.049, "max_allocated_gib": 12.986}
[PROGRESS] batches=2470/2836 done=2470/2836 ok=2171 invalid=299 errors=0 elapsed_s=141065.8 gpu={"cuda_available": true, "device": "NVIDIA A100-PCIE-40GB", "free_gib": 14.658, "total_gib": 39.381, "allocated_gib": 12.446, "reserved_gib": 13.049, "max_allocated_gib": 12.987}
[PROGRESS] batches=2480/2836 done=2480/2836 ok=2176 invalid=304 errors=0 elapsed_s=142192.4 gpu={"cuda_available": true, "device": "NVIDIA A100-PCIE-40GB", "free_gib": 15.91, "total_gib": 39.381, "allocated_gib": 12.446, "reserved_gib": 13.049, "max_allocated_gib": 12.988}
[PROGRESS] batches=2490/2836 done=2490/2836 ok=2185 invalid=305 errors=0 elapsed_s=143013.1 gpu={"cuda_available": true, "device": "NVIDIA A100-PCIE-40GB", "free_gib": 15.91, "total_gib": 39.381, "allocated_gib": 12.446, "reserved_gib": 13.029, "max_allocated_gib": 12.988}
[PROGRESS] batches=2500/2836 done=2500/2836 ok=2194 invalid=306 errors=0 elapsed_s=143996.4 gpu={"cuda_available": true, "device": "NVIDIA A100-PCIE-40GB", "free_gib": 14.932, "total_gib": 39.381, "allocated_gib": 12.446, "reserved_gib": 12.971, "max_allocated_gib": 12.989}
[PROGRESS] batches=2510/2836 done=2510/2836 ok=2202 invalid=308 errors=0 elapsed_s=144926.6 gpu={"cuda_available": true, "device": "NVIDIA A100-PCIE-40GB", "free_gib": 15.301, "total_gib": 39.381, "allocated_gib": 12.446, "reserved_gib": 12.971, "max_allocated_gib": 12.99}
[PROGRESS] batches=2520/2836 done=2520/2836 ok=2209 invalid=311 errors=0 elapsed_s=145949.4 gpu={"cuda_available": true, "device": "NVIDIA A100-PCIE-40GB", "free_gib": 14.832, "total_gib": 39.381, "allocated_gib": 12.446, "reserved_gib": 13.049, "max_allocated_gib": 12.991}
[PROGRESS] batches=2530/2836 done=2530/2836 ok=2216 invalid=314 errors=0 elapsed_s=146822.1 gpu={"cuda_available": true, "device": "NVIDIA A100-PCIE-40GB", "free_gib": 14.891, "total_gib": 39.381, "allocated_gib": 12.446, "reserved_gib": 12.99, "max_allocated_gib": 12.992}
[PROGRESS] batches=2540/2836 done=2540/2836 ok=2225 invalid=315 errors=0 elapsed_s=147543.5 gpu={"cuda_available": true, "device": "NVIDIA A100-PCIE-40GB", "free_gib": 15.283, "total_gib": 39.381, "allocated_gib": 12.446, "reserved_gib": 12.971, "max_allocated_gib": 12.993}
[PROGRESS] batches=2550/2836 done=2550/2836 ok=2230 invalid=320 errors=0 elapsed_s=148631.5 gpu={"cuda_available": true, "device": "NVIDIA A100-PCIE-40GB", "free_gib": 14.815, "total_gib": 39.381, "allocated_gib": 12.446, "reserved_gib": 13.049, "max_allocated_gib": 12.994}
[PROGRESS] batches=2560/2836 done=2560/2836 ok=2236 invalid=324 errors=0 elapsed_s=149448.5 gpu={"cuda_available": true, "device": "NVIDIA A100-PCIE-40GB", "free_gib": 14.893, "total_gib": 39.381, "allocated_gib": 12.446, "reserved_gib": 12.971, "max_allocated_gib": 12.995}
[PROGRESS] batches=2570/2836 done=2570/2836 ok=2244 invalid=326 errors=0 elapsed_s=150117.9 gpu={"cuda_available": true, "device": "NVIDIA A100-PCIE-40GB", "free_gib": 15.537, "total_gib": 39.381, "allocated_gib": 12.446, "reserved_gib": 12.971, "max_allocated_gib": 12.995}
[PROGRESS] batches=2580/2836 done=2580/2836 ok=2250 invalid=330 errors=0 elapsed_s=150943.4 gpu={"cuda_available": true, "device": "NVIDIA A100-PCIE-40GB", "free_gib": 14.698, "total_gib": 39.381, "allocated_gib": 12.446, "reserved_gib": 13.01, "max_allocated_gib": 12.997}
[PROGRESS] batches=2590/2836 done=2590/2836 ok=2259 invalid=331 errors=0 elapsed_s=151617.0 gpu={"cuda_available": true, "device": "NVIDIA A100-PCIE-40GB", "free_gib": 14.717, "total_gib": 39.381, "allocated_gib": 12.446, "reserved_gib": 12.99, "max_allocated_gib": 12.997}
[PROGRESS] batches=2600/2836 done=2600/2836 ok=2266 invalid=334 errors=0 elapsed_s=152308.7 gpu={"cuda_available": true, "device": "NVIDIA A100-PCIE-40GB", "free_gib": 14.717, "total_gib": 39.381, "allocated_gib": 12.446, "reserved_gib": 12.99, "max_allocated_gib": 12.999}
[PROGRESS] batches=2610/2836 done=2610/2836 ok=2274 invalid=336 errors=0 elapsed_s=153128.9 gpu={"cuda_available": true, "device": "NVIDIA A100-PCIE-40GB", "free_gib": 25.795, "total_gib": 39.381, "allocated_gib": 12.446, "reserved_gib": 13.068, "max_allocated_gib": 13.001}
[PROGRESS] batches=2620/2836 done=2620/2836 ok=2280 invalid=340 errors=0 elapsed_s=154063.5 gpu={"cuda_available": true, "device": "NVIDIA A100-PCIE-40GB", "free_gib": 25.853, "total_gib": 39.381, "allocated_gib": 12.446, "reserved_gib": 13.01, "max_allocated_gib": 13.002}
[PROGRESS] batches=2630/2836 done=2630/2836 ok=2286 invalid=344 errors=0 elapsed_s=154998.3 gpu={"cuda_available": true, "device": "NVIDIA A100-PCIE-40GB", "free_gib": 25.814, "total_gib": 39.381, "allocated_gib": 12.446, "reserved_gib": 13.049, "max_allocated_gib": 13.004}
[PROGRESS] batches=2640/2836 done=2640/2836 ok=2294 invalid=346 errors=0 elapsed_s=155896.6 gpu={"cuda_available": true, "device": "NVIDIA A100-PCIE-40GB", "free_gib": 25.814, "total_gib": 39.381, "allocated_gib": 12.446, "reserved_gib": 13.049, "max_allocated_gib": 13.007}
[PROGRESS] batches=2650/2836 done=2650/2836 ok=2301 invalid=349 errors=0 elapsed_s=156848.2 gpu={"cuda_available": true, "device": "NVIDIA A100-PCIE-40GB", "free_gib": 25.814, "total_gib": 39.381, "allocated_gib": 12.446, "reserved_gib": 13.049, "max_allocated_gib": 13.011}
[PROGRESS] batches=2660/2836 done=2660/2836 ok=2306 invalid=354 errors=0 elapsed_s=157966.2 gpu={"cuda_available": true, "device": "NVIDIA A100-PCIE-40GB", "free_gib": 25.775, "total_gib": 39.381, "allocated_gib": 12.446, "reserved_gib": 13.088, "max_allocated_gib": 13.026}
[PROGRESS] batches=2670/2836 done=2670/2836 ok=2315 invalid=355 errors=0 elapsed_s=159065.3 gpu={"cuda_available": true, "device": "NVIDIA A100-PCIE-40GB", "free_gib": 25.619, "total_gib": 39.381, "allocated_gib": 12.446, "reserved_gib": 13.244, "max_allocated_gib": 13.277}
[PROGRESS] batches=2680/2836 done=2680/2836 ok=2325 invalid=355 errors=0 elapsed_s=160528.3 gpu={"cuda_available": true, "device": "NVIDIA A100-PCIE-40GB", "free_gib": 25.521, "total_gib": 39.381, "allocated_gib": 12.446, "reserved_gib": 13.342, "max_allocated_gib": 13.277}
[PROGRESS] batches=2690/2836 done=2690/2836 ok=2334 invalid=356 errors=0 elapsed_s=162304.4 gpu={"cuda_available": true, "device": "NVIDIA A100-PCIE-40GB", "free_gib": 25.56, "total_gib": 39.381, "allocated_gib": 12.446, "reserved_gib": 13.303, "max_allocated_gib": 13.341}
[PROGRESS] batches=2700/2836 done=2700/2836 ok=2344 invalid=356 errors=0 elapsed_s=163619.0 gpu={"cuda_available": true, "device": "NVIDIA A100-PCIE-40GB", "free_gib": 25.58, "total_gib": 39.381, "allocated_gib": 12.446, "reserved_gib": 13.283, "max_allocated_gib": 13.341}
[PROGRESS] batches=2710/2836 done=2710/2836 ok=2354 invalid=356 errors=0 elapsed_s=165348.8 gpu={"cuda_available": true, "device": "NVIDIA A100-PCIE-40GB", "free_gib": 25.521, "total_gib": 39.381, "allocated_gib": 12.446, "reserved_gib": 13.342, "max_allocated_gib": 13.341}
[PROGRESS] batches=2720/2836 done=2720/2836 ok=2362 invalid=358 errors=0 elapsed_s=167536.6 gpu={"cuda_available": true, "device": "NVIDIA A100-PCIE-40GB", "free_gib": 25.482, "total_gib": 39.381, "allocated_gib": 12.446, "reserved_gib": 13.381, "max_allocated_gib": 13.389}
[PROGRESS] batches=2730/2836 done=2730/2836 ok=2369 invalid=361 errors=0 elapsed_s=169648.4 gpu={"cuda_available": true, "device": "NVIDIA A100-PCIE-40GB", "free_gib": 25.541, "total_gib": 39.381, "allocated_gib": 12.446, "reserved_gib": 13.322, "max_allocated_gib": 13.415}
[PROGRESS] batches=2740/2836 done=2740/2836 ok=2378 invalid=362 errors=0 elapsed_s=171807.4 gpu={"cuda_available": true, "device": "NVIDIA A100-PCIE-40GB", "free_gib": 25.346, "total_gib": 39.381, "allocated_gib": 12.446, "reserved_gib": 13.518, "max_allocated_gib": 13.415}
[PROGRESS] batches=2750/2836 done=2750/2836 ok=2383 invalid=367 errors=0 elapsed_s=173187.2 gpu={"cuda_available": true, "device": "NVIDIA A100-PCIE-40GB", "free_gib": 25.502, "total_gib": 39.381, "allocated_gib": 12.446, "reserved_gib": 13.361, "max_allocated_gib": 13.44}
[PROGRESS] batches=2760/2836 done=2760/2836 ok=2392 invalid=368 errors=0 elapsed_s=174307.0 gpu={"cuda_available": true, "device": "NVIDIA A100-PCIE-40GB", "free_gib": 25.346, "total_gib": 39.381, "allocated_gib": 12.446, "reserved_gib": 13.518, "max_allocated_gib": 13.479}
[PROGRESS] batches=2770/2836 done=2770/2836 ok=2399 invalid=371 errors=0 elapsed_s=175648.6 gpu={"cuda_available": true, "device": "NVIDIA A100-PCIE-40GB", "free_gib": 25.306, "total_gib": 39.381, "allocated_gib": 12.446, "reserved_gib": 13.557, "max_allocated_gib": 13.546}
[PROGRESS] batches=2780/2836 done=2780/2836 ok=2406 invalid=374 errors=0 elapsed_s=176619.5 gpu={"cuda_available": true, "device": "NVIDIA A100-PCIE-40GB", "free_gib": 25.326, "total_gib": 39.381, "allocated_gib": 12.446, "reserved_gib": 13.537, "max_allocated_gib": 13.61}
[PROGRESS] batches=2790/2836 done=2790/2836 ok=2412 invalid=378 errors=0 elapsed_s=177080.5 gpu={"cuda_available": true, "device": "NVIDIA A100-PCIE-40GB", "free_gib": 25.306, "total_gib": 39.381, "allocated_gib": 12.446, "reserved_gib": 13.557, "max_allocated_gib": 13.709}
[PROGRESS] batches=2800/2836 done=2800/2836 ok=2418 invalid=382 errors=0 elapsed_s=178918.4 gpu={"cuda_available": true, "device": "NVIDIA A100-PCIE-40GB", "free_gib": 25.17, "total_gib": 39.381, "allocated_gib": 12.446, "reserved_gib": 13.693, "max_allocated_gib": 13.877}
[PROGRESS] batches=2810/2836 done=2810/2836 ok=2426 invalid=384 errors=0 elapsed_s=179959.5 gpu={"cuda_available": true, "device": "NVIDIA A100-PCIE-40GB", "free_gib": 25.092, "total_gib": 39.381, "allocated_gib": 12.446, "reserved_gib": 13.771, "max_allocated_gib": 13.957}
[PROGRESS] batches=2820/2836 done=2820/2836 ok=2434 invalid=386 errors=0 elapsed_s=181802.5 gpu={"cuda_available": true, "device": "NVIDIA A100-PCIE-40GB", "free_gib": 24.779, "total_gib": 39.381, "allocated_gib": 12.446, "reserved_gib": 14.084, "max_allocated_gib": 14.613}
[PROGRESS] batches=2830/2836 done=2830/2836 ok=2438 invalid=392 errors=0 elapsed_s=184034.0 gpu={"cuda_available": true, "device": "NVIDIA A100-PCIE-40GB", "free_gib": 24.506, "total_gib": 39.381, "allocated_gib": 12.446, "reserved_gib": 14.357, "max_allocated_gib": 14.778}
[PROGRESS] batches=2836/2836 done=2836/2836 ok=2438 invalid=398 errors=0 elapsed_s=186186.4 gpu={"cuda_available": true, "device": "NVIDIA A100-PCIE-40GB", "free_gib": 24.506, "total_gib": 39.381, "allocated_gib": 12.446, "reserved_gib": 14.357, "max_allocated_gib": 14.886}
=== MODEL WORKER FINISHED ===
[FINAL_SUCCESSFUL_OR_INVALID] 2842/2842
[FINAL_ERRORS] 0
[GPU_AFTER_CLEANUP] {"cuda_available": true, "device": "NVIDIA A100-PCIE-40GB", "free_gib": 38.824, "total_gib": 39.381, "allocated_gib": 0.008, "reserved_gib": 0.039, "max_allocated_gib": 14.886}
